TABLE: Elevi
ID                             
------------------------------ 

Table "Studenti" not found in database.
DATABASE: restaurant

TABLE: Bere
Consum                         TVA                            ID                             Impozit                        Tip                            Total                          
------------------------------ ------------------------------ ------------------------------ ------------------------------ ------------------------------ ------------------------------ 
0.275300                       0.431900                       0.445100                       0.871000                       0.715100                       0.650500                       

TABLE: Instalatii
Pret/metru                     Impozit                        Total                          ID                             Pret/bucata                    TVA                            
------------------------------ ------------------------------ ------------------------------ ------------------------------ ------------------------------ ------------------------------ 

TABLE: Balast
Total                          Pret/metru                     Discount                       TVA                            Consum                         Tip                            ID                             
------------------------------ ------------------------------ ------------------------------ ------------------------------ ------------------------------ ------------------------------ ------------------------------ 

TABLE: Echipari
Marcaje                        Rezervate                      Societati_Comerciale           Disponibile                    Olimpici                       
------------------------------ ------------------------------ ------------------------------ ------------------------------ ------------------------------ 
23                             157                            183                            117                            182                            

TABLE: Bursieri
Strada                         Importator                     
------------------------------ ------------------------------ 

DATABASE: restaurant

TABLE: Bere
Consum                         TVA                            ID                             Impozit                        Tip                            Total                          
------------------------------ ------------------------------ ------------------------------ ------------------------------ ------------------------------ ------------------------------ 
0.275300                       0.431900                       0.445100                       0.871000                       0.715100                       0.650500                       
0.095900                       0.085800                       0.878000                       0.025600                       0.790500                       0.992900                       

TABLE: Instalatii
Pret/metru                     Impozit                        Total                          ID                             Pret/bucata                    TVA                            
------------------------------ ------------------------------ ------------------------------ ------------------------------ ------------------------------ ------------------------------ 

TABLE: Echipari
Marcaje                        Rezervate                      Societati_Comerciale           Disponibile                    Olimpici                       
------------------------------ ------------------------------ ------------------------------ ------------------------------ ------------------------------ 
23                             157                            183                            117                            182                            

TABLE: Angajati
Strada                         
------------------------------ 

Table "Balast" not found in database.
DATABASE: restaurant

TABLE: Bere
Consum                         TVA                            ID                             Impozit                        Tip                            Total                          
------------------------------ ------------------------------ ------------------------------ ------------------------------ ------------------------------ ------------------------------ 
0.275300                       0.431900                       0.445100                       0.871000                       0.715100                       0.650500                       
0.095900                       0.085800                       0.878000                       0.025600                       0.790500                       0.992900                       

TABLE: Instalatii
Pret/metru                     Impozit                        Total                          ID                             Pret/bucata                    TVA                            
------------------------------ ------------------------------ ------------------------------ ------------------------------ ------------------------------ ------------------------------ 
0.894300                       0.502700                       0.306700                       0.271200                       0.177600                       0.285000                       

TABLE: Echipari
Marcaje                        Rezervate                      Societati_Comerciale           Disponibile                    Olimpici                       
------------------------------ ------------------------------ ------------------------------ ------------------------------ ------------------------------ 
23                             157                            183                            117                            182                            

TABLE: Angajati
Strada                         
------------------------------ 

TABLE: Oameni
Denumire                       
------------------------------ 

TABLE: Camioane
Tip                            Total                          Discount                       Pret/metru                     Salariu_baza                   Consum                         
------------------------------ ------------------------------ ------------------------------ ------------------------------ ------------------------------ ------------------------------ 

TABLE: Camioane
Tip                            Total                          Discount                       Pret/metru                     Salariu_baza                   Consum                         
------------------------------ ------------------------------ ------------------------------ ------------------------------ ------------------------------ ------------------------------ 

Table "Studenti" not found in database.
DATABASE: restaurant

TABLE: Bere
Consum                         TVA                            ID                             Impozit                        Tip                            Total                          
------------------------------ ------------------------------ ------------------------------ ------------------------------ ------------------------------ ------------------------------ 
0.275300                       0.431900                       0.445100                       0.871000                       0.715100                       0.650500                       
0.095900                       0.085800                       0.878000                       0.025600                       0.790500                       0.992900                       
0.239300                       0.730300                       0.087700                       0.999100                       0.500200                       0.027700                       

TABLE: Instalatii
Pret/metru                     Impozit                        Total                          ID                             Pret/bucata                    TVA                            
------------------------------ ------------------------------ ------------------------------ ------------------------------ ------------------------------ ------------------------------ 
0.894300                       0.502700                       0.306700                       0.271200                       0.177600                       0.285000                       

TABLE: Echipari
Marcaje                        Rezervate                      Societati_Comerciale           Disponibile                    Olimpici                       
------------------------------ ------------------------------ ------------------------------ ------------------------------ ------------------------------ 
23                             157                            183                            117                            182                            

TABLE: Angajati
Strada                         
------------------------------ 

TABLE: Oameni
Denumire                       
------------------------------ 
hot                            

TABLE: Camioane
Tip                            Total                          Discount                       Pret/metru                     Salariu_baza                   Consum                         
------------------------------ ------------------------------ ------------------------------ ------------------------------ ------------------------------ ------------------------------ 

Table "Studenti" not found in database.
Table "Angajati" does not contain column "Garantie".
TABLE: Camioane
Tip                            Total                          Discount                       Pret/metru                     Salariu_baza                   Consum                         
------------------------------ ------------------------------ ------------------------------ ------------------------------ ------------------------------ ------------------------------ 

TABLE: Oameni
Denumire                       
------------------------------ 
hot                            

Table "Elevi" not found in database.
DATABASE: restaurant

TABLE: Bere
Consum                         TVA                            ID                             Impozit                        Tip                            Total                          
------------------------------ ------------------------------ ------------------------------ ------------------------------ ------------------------------ ------------------------------ 
0.275300                       0.431900                       0.445100                       0.871000                       0.715100                       0.650500                       
0.095900                       0.085800                       0.878000                       0.025600                       0.790500                       0.992900                       
0.239300                       0.730300                       0.087700                       0.999100                       0.500200                       0.027700                       

TABLE: Instalatii
Pret/metru                     Impozit                        Total                          ID                             Pret/bucata                    TVA                            
------------------------------ ------------------------------ ------------------------------ ------------------------------ ------------------------------ ------------------------------ 
0.894300                       0.502700                       0.306700                       0.271200                       0.177600                       0.285000                       

TABLE: Echipari
Marcaje                        Rezervate                      Societati_Comerciale           Disponibile                    Olimpici                       
------------------------------ ------------------------------ ------------------------------ ------------------------------ ------------------------------ 
23                             157                            183                            117                            182                            

TABLE: Angajati
Strada                         
------------------------------ 

TABLE: Oameni
Denumire                       
------------------------------ 
hot                            

TABLE: Camioane
Tip                            Total                          Discount                       Pret/metru                     Salariu_baza                   Consum                         
------------------------------ ------------------------------ ------------------------------ ------------------------------ ------------------------------ ------------------------------ 

TABLE: Racoritoare
Disponibile                    Marcaje                        Nr_Defecte                     Cantitate                      
------------------------------ ------------------------------ ------------------------------ ------------------------------ 

