DATABASE: site_de_socializare

TABLE: Angajati
Localitate                     ID                             Importator                     
------------------------------ ------------------------------ ------------------------------ 

Table "Echipamente" not found in database.
Table "Camioane" not found in database.
TABLE: Bere
Tip                            Total                          TVA                            Impozit                        Discount                       Consum                         
------------------------------ ------------------------------ ------------------------------ ------------------------------ ------------------------------ ------------------------------ 

TABLE: Fainoase
Societati_Comerciale           ID                             Olimpici                       Restantieri                    
------------------------------ ------------------------------ ------------------------------ ------------------------------ 

TABLE: Fainoase
Societati_Comerciale           ID                             Olimpici                       Restantieri                    
------------------------------ ------------------------------ ------------------------------ ------------------------------ 

DATABASE: site_de_socializare

TABLE: Angajati
Localitate                     ID                             Importator                     
------------------------------ ------------------------------ ------------------------------ 
Brown                          Baker                          ugly                           
guarded                        Mark                           Jane                           
impolite                       Perez                          noxious                        

TABLE: Mirodenii
Impozit                        ID                             TVA                            Total                          Pret/bucata                    Tip                            Salariu_baza                   
------------------------------ ------------------------------ ------------------------------ ------------------------------ ------------------------------ ------------------------------ ------------------------------ 

TABLE: Bere
Tip                            Total                          TVA                            Impozit                        Discount                       Consum                         
------------------------------ ------------------------------ ------------------------------ ------------------------------ ------------------------------ ------------------------------ 

TABLE: Echipari
Nr_Defecte                     
------------------------------ 
116                            

TABLE: Fainoase
Societati_Comerciale           ID                             Olimpici                       Restantieri                    
------------------------------ ------------------------------ ------------------------------ ------------------------------ 

TABLE: Bujii
Disponibile                    Olimpici                       Societati_Comerciale           Nr_Defecte                     Rating                         
------------------------------ ------------------------------ ------------------------------ ------------------------------ ------------------------------ 

TABLE: Studente
Disponibile                    Societati_Comerciale           Rezervate                      ID                             Olimpici                       Rating                         
------------------------------ ------------------------------ ------------------------------ ------------------------------ ------------------------------ ------------------------------ 

TABLE: Studente
Disponibile                    Societati_Comerciale           Rezervate                      ID                             Olimpici                       Rating                         
------------------------------ ------------------------------ ------------------------------ ------------------------------ ------------------------------ ------------------------------ 

Table "Doctori" not found in database.
Table "Salarii" not found in database.
TABLE: Angajati
Localitate                     ID                             Importator                     
------------------------------ ------------------------------ ------------------------------ 
guarded                        Mark                           Jane                           
impolite                       Perez                          noxious                        

TABLE: Studente
Disponibile                    Societati_Comerciale           Rezervate                      ID                             Olimpici                       Rating                         
------------------------------ ------------------------------ ------------------------------ ------------------------------ ------------------------------ ------------------------------ 

TABLE: Bere
Tip                            Total                          TVA                            Impozit                        Discount                       Consum                         
------------------------------ ------------------------------ ------------------------------ ------------------------------ ------------------------------ ------------------------------ 
0.743900                       0.059800                       0.358800                       0.979600                       0.493600                       0.527000                       

TABLE: Electronice
Societati_Comerciale           Cantitate                      Restantieri                    ID                             Nr_Defecte                     
------------------------------ ------------------------------ ------------------------------ ------------------------------ ------------------------------ 

Table "Tropicale" not found in database.
DATABASE: site_de_socializare

TABLE: Angajati
Localitate                     ID                             Importator                     
------------------------------ ------------------------------ ------------------------------ 
Brown                          Baker                          ugly                           
guarded                        Mark                           Jane                           
impolite                       Perez                          noxious                        

TABLE: Mirodenii
Impozit                        ID                             TVA                            Total                          Pret/bucata                    Tip                            Salariu_baza                   
------------------------------ ------------------------------ ------------------------------ ------------------------------ ------------------------------ ------------------------------ ------------------------------ 

TABLE: Bere
Tip                            Total                          TVA                            Impozit                        Discount                       Consum                         
------------------------------ ------------------------------ ------------------------------ ------------------------------ ------------------------------ ------------------------------ 
0.743900                       0.059800                       0.358800                       0.979600                       0.493600                       0.527000                       

TABLE: Echipari
Nr_Defecte                     
------------------------------ 
116                            

TABLE: Fainoase
Societati_Comerciale           ID                             Olimpici                       Restantieri                    
------------------------------ ------------------------------ ------------------------------ ------------------------------ 
235                            150                            51                             187                            
191                            139                            232                            106                            

TABLE: Bujii
Disponibile                    Olimpici                       Societati_Comerciale           Nr_Defecte                     Rating                         
------------------------------ ------------------------------ ------------------------------ ------------------------------ ------------------------------ 

TABLE: Studente
Disponibile                    Societati_Comerciale           Rezervate                      ID                             Olimpici                       Rating                         
------------------------------ ------------------------------ ------------------------------ ------------------------------ ------------------------------ ------------------------------ 

TABLE: Electronice
Societati_Comerciale           Cantitate                      Restantieri                    ID                             Nr_Defecte                     
------------------------------ ------------------------------ ------------------------------ ------------------------------ ------------------------------ 

TABLE: Asistenti
Localitate                     
------------------------------ 

TABLE: Salarii
Pret/metru                     Pret/bucata                    Impozit                        Consum                         Total                          Tip                            Salariu_baza                   
------------------------------ ------------------------------ ------------------------------ ------------------------------ ------------------------------ ------------------------------ ------------------------------ 

Table "Angajati" does not contain column "Garantie".
TABLE: Studente
Disponibile                    Societati_Comerciale           Rezervate                      ID                             Olimpici                       Rating                         
------------------------------ ------------------------------ ------------------------------ ------------------------------ ------------------------------ ------------------------------ 

