TABLE: Studenti
Denumire                       
------------------------------ 
Randy                          
ask                            

DATABASE: piese_auto

TABLE: Studenti
Denumire                       
------------------------------ 
Randy                          
ask                            

TABLE: Studente
Rezervate                      ID                             
------------------------------ ------------------------------ 

TABLE: Asistenti
Importator                     
------------------------------ 
cluttered                      

