TABLE: Balast
Consum                         
------------------------------ 

DATABASE: parc_auto

TABLE: Salarii
Total                          
------------------------------ 

TABLE: Balast
Consum                         
------------------------------ 

DATABASE: parc_auto

TABLE: Salarii
Total                          
------------------------------ 

TABLE: Balast
Consum                         
------------------------------ 

DATABASE: parc_auto

TABLE: Salarii
Total                          
------------------------------ 

TABLE: Camioane
Salariu_baza                   Total                          ID                             
------------------------------ ------------------------------ ------------------------------ 

