TABLE: Linoleum
Restantieri                    Marcaje                        ID                             Cantitate                      Rezervate                      
------------------------------ ------------------------------ ------------------------------ ------------------------------ ------------------------------ 

Table "Mirodenii" not found in database.
Table "Bere" not found in database.
Table "Studente" not found in database.
Table "Instalatii" not found in database.
Table "Mirodenii" not found in database.
TABLE: Tropicale
Restantieri                    Olimpici                       Marcaje                        
------------------------------ ------------------------------ ------------------------------ 

Table "Profesori" not found in database.
