Table "Mirodenii" not found in database.
Table "Fainoase" not found in database.
Table "Fainoase" not found in database.
Table "Fainoase" not found in database.
Table "Fainoase" not found in database.
DATABASE: haine

TABLE: Bursieri
Tara_Origine                   Nume                           ID                             Prenume                        Garantie                       Localitate                     Importator                     
------------------------------ ------------------------------ ------------------------------ ------------------------------ ------------------------------ ------------------------------ ------------------------------ 

Table "Elevi" not found in database.
Table "Studenti" not found in database.
TABLE: Super_Cars
Localitate                     Denumire                       Garantie                       Importator                     ID                             Regiune                        Prenume                        Nume                           
------------------------------ ------------------------------ ------------------------------ ------------------------------ ------------------------------ ------------------------------ ------------------------------ ------------------------------ 

Table "Mirodenii" not found in database.
DATABASE: haine

TABLE: Bursieri
Tara_Origine                   Nume                           ID                             Prenume                        Garantie                       Localitate                     Importator                     
------------------------------ ------------------------------ ------------------------------ ------------------------------ ------------------------------ ------------------------------ ------------------------------ 

TABLE: Super_Cars
Localitate                     Denumire                       Garantie                       Importator                     ID                             Regiune                        Prenume                        Nume                           
------------------------------ ------------------------------ ------------------------------ ------------------------------ ------------------------------ ------------------------------ ------------------------------ ------------------------------ 
loss                           Baker                          cluttered                      lying                          yellow                         Janet                          John                           Diana                          

Table "Doctori" not found in database.
Table "Bere" not found in database.
Table "Fainoase" not found in database.
TABLE: Profesori
ID                             Importator                     Garantie                       Prenume                        Regiune                        Tara_Origine                   
------------------------------ ------------------------------ ------------------------------ ------------------------------ ------------------------------ ------------------------------ 

Table "Fainoase" not found in database.
DATABASE: haine

TABLE: Super_Cars
Localitate                     Denumire                       Garantie                       Importator                     ID                             Regiune                        Prenume                        Nume                           
------------------------------ ------------------------------ ------------------------------ ------------------------------ ------------------------------ ------------------------------ ------------------------------ ------------------------------ 
loss                           Baker                          cluttered                      lying                          yellow                         Janet                          John                           Diana                          

TABLE: Profesori
ID                             Importator                     Garantie                       Prenume                        Regiune                        Tara_Origine                   
------------------------------ ------------------------------ ------------------------------ ------------------------------ ------------------------------ ------------------------------ 

TABLE: Masini
Impozit                        Consum                         Pret/metru                     Total                          Salariu_baza                   TVA                            Discount                       
------------------------------ ------------------------------ ------------------------------ ------------------------------ ------------------------------ ------------------------------ ------------------------------ 
0.207600                       0.228000                       0.719700                       0.577100                       0.504300                       0.323900                       0.597200                       

TABLE: Linoleum
Cantitate                      Disponibile                    Rating                         Rezervate                      Marcaje                        Nr_Defecte                     
------------------------------ ------------------------------ ------------------------------ ------------------------------ ------------------------------ ------------------------------ 

Table "Bursieri" not found in database.
Table "Fainoase" not found in database.
DATABASE: haine

TABLE: Super_Cars
Localitate                     Denumire                       Garantie                       Importator                     ID                             Regiune                        Prenume                        Nume                           
------------------------------ ------------------------------ ------------------------------ ------------------------------ ------------------------------ ------------------------------ ------------------------------ ------------------------------ 
loss                           Baker                          cluttered                      lying                          yellow                         Janet                          John                           Diana                          

TABLE: Profesori
ID                             Importator                     Garantie                       Prenume                        Regiune                        Tara_Origine                   
------------------------------ ------------------------------ ------------------------------ ------------------------------ ------------------------------ ------------------------------ 

TABLE: Masini
Impozit                        Consum                         Pret/metru                     Total                          Salariu_baza                   TVA                            Discount                       
------------------------------ ------------------------------ ------------------------------ ------------------------------ ------------------------------ ------------------------------ ------------------------------ 
0.207600                       0.228000                       0.719700                       0.577100                       0.504300                       0.323900                       0.597200                       

TABLE: Linoleum
Cantitate                      Disponibile                    Rating                         Rezervate                      Marcaje                        Nr_Defecte                     
------------------------------ ------------------------------ ------------------------------ ------------------------------ ------------------------------ ------------------------------ 

Table "Bursieri" not found in database.
Table "Bursieri" not found in database.
TABLE: Linoleum
Cantitate                      Disponibile                    Rating                         Rezervate                      Marcaje                        Nr_Defecte                     
------------------------------ ------------------------------ ------------------------------ ------------------------------ ------------------------------ ------------------------------ 
471225                         162868                         403267                         245726                         31148                          59538                          

Table "Bursieri" not found in database.
Table "Masini" does not contain column "ID".
TABLE: Bere
Consum                         Impozit                        TVA                            Total                          Pret/metru                     Salariu_baza                   
------------------------------ ------------------------------ ------------------------------ ------------------------------ ------------------------------ ------------------------------ 

TABLE: Masini
Impozit                        Consum                         Pret/metru                     Total                          Salariu_baza                   TVA                            Discount                       
------------------------------ ------------------------------ ------------------------------ ------------------------------ ------------------------------ ------------------------------ ------------------------------ 
0.207600                       0.228000                       0.719700                       0.577100                       0.504300                       0.323900                       0.597200                       

DATABASE: haine

TABLE: Super_Cars
Localitate                     Denumire                       Garantie                       Importator                     ID                             Regiune                        Prenume                        Nume                           
------------------------------ ------------------------------ ------------------------------ ------------------------------ ------------------------------ ------------------------------ ------------------------------ ------------------------------ 
loss                           Baker                          cluttered                      lying                          yellow                         Janet                          John                           Diana                          

TABLE: Profesori
ID                             Importator                     Garantie                       Prenume                        Regiune                        Tara_Origine                   
------------------------------ ------------------------------ ------------------------------ ------------------------------ ------------------------------ ------------------------------ 
Mark                           Jenkins                        Randy                          Ralph                          Barnes                         Kimberly                       

TABLE: Masini
Impozit                        Consum                         Pret/metru                     Total                          Salariu_baza                   TVA                            Discount                       
------------------------------ ------------------------------ ------------------------------ ------------------------------ ------------------------------ ------------------------------ ------------------------------ 
0.207600                       0.228000                       0.719700                       0.577100                       0.504300                       0.323900                       0.597200                       

TABLE: Bere
Consum                         Impozit                        TVA                            Total                          Pret/metru                     Salariu_baza                   
------------------------------ ------------------------------ ------------------------------ ------------------------------ ------------------------------ ------------------------------ 

TABLE: Tropicale
Restantieri                    Olimpici                       Nr_Defecte                     Rezervate                      Cantitate                      Marcaje                        
------------------------------ ------------------------------ ------------------------------ ------------------------------ ------------------------------ ------------------------------ 
332511                         598005                         199778                         190355                         563750                         345354                         

TABLE: Uber
Tip                            Impozit                        Consum                         Pret/metru                     Pret/bucata                    Salariu_baza                   
------------------------------ ------------------------------ ------------------------------ ------------------------------ ------------------------------ ------------------------------ 
0.598500                       0.116600                       0.625300                       0.998300                       0.901500                       0.680700                       

TABLE: Elevi
ID                             Tara_Origine                   Denumire                       Regiune                        Nume                           Importator                     
------------------------------ ------------------------------ ------------------------------ ------------------------------ ------------------------------ ------------------------------ 

TABLE: Studenti
Localitate                     Denumire                       Tara_Origine                   Regiune                        Nume                           Garantie                       
------------------------------ ------------------------------ ------------------------------ ------------------------------ ------------------------------ ------------------------------ 

Table "Echipari" not found in database.
TABLE: Super_Cars
Localitate                     Denumire                       Garantie                       Importator                     ID                             Regiune                        Prenume                        Nume                           
------------------------------ ------------------------------ ------------------------------ ------------------------------ ------------------------------ ------------------------------ ------------------------------ ------------------------------ 
loss                           Baker                          cluttered                      lying                          yellow                         Janet                          John                           Diana                          

TABLE: Elevi
ID                             Tara_Origine                   Denumire                       Regiune                        Nume                           Importator                     
------------------------------ ------------------------------ ------------------------------ ------------------------------ ------------------------------ ------------------------------ 

Table "Electronice" not found in database.
Table "Fainoase" not found in database.
Table "Linoleum" not found in database.
Table "Linoleum" not found in database.
TABLE: Super_Cars
Localitate                     Denumire                       Garantie                       Importator                     ID                             Regiune                        Prenume                        Nume                           
------------------------------ ------------------------------ ------------------------------ ------------------------------ ------------------------------ ------------------------------ ------------------------------ ------------------------------ 
loss                           Baker                          cluttered                      lying                          yellow                         Janet                          John                           Diana                          

Table "Asistenti" not found in database.
Table "Fainoase" not found in database.
Table "Fainoase" not found in database.
DATABASE: haine

TABLE: Super_Cars
Localitate                     Denumire                       Garantie                       Importator                     ID                             Regiune                        Prenume                        Nume                           
------------------------------ ------------------------------ ------------------------------ ------------------------------ ------------------------------ ------------------------------ ------------------------------ ------------------------------ 
loss                           Baker                          cluttered                      lying                          yellow                         Janet                          John                           Diana                          

TABLE: Masini
Impozit                        Consum                         Pret/metru                     Total                          Salariu_baza                   TVA                            Discount                       
------------------------------ ------------------------------ ------------------------------ ------------------------------ ------------------------------ ------------------------------ ------------------------------ 
0.207600                       0.228000                       0.719700                       0.577100                       0.504300                       0.323900                       0.597200                       

TABLE: Bere
Consum                         Impozit                        TVA                            Total                          Pret/metru                     Salariu_baza                   
------------------------------ ------------------------------ ------------------------------ ------------------------------ ------------------------------ ------------------------------ 

TABLE: Uber
Tip                            Impozit                        Consum                         Pret/metru                     Pret/bucata                    Salariu_baza                   
------------------------------ ------------------------------ ------------------------------ ------------------------------ ------------------------------ ------------------------------ 
0.598500                       0.116600                       0.625300                       0.998300                       0.901500                       0.680700                       

TABLE: Elevi
ID                             Tara_Origine                   Denumire                       Regiune                        Nume                           Importator                     
------------------------------ ------------------------------ ------------------------------ ------------------------------ ------------------------------ ------------------------------ 

TABLE: Studenti
Localitate                     Denumire                       Tara_Origine                   Regiune                        Nume                           Garantie                       
------------------------------ ------------------------------ ------------------------------ ------------------------------ ------------------------------ ------------------------------ 

TABLE: Ambientale
ID                             Rating                         Marcaje                        Disponibile                    Restantieri                    Rezervate                      
------------------------------ ------------------------------ ------------------------------ ------------------------------ ------------------------------ ------------------------------ 

DATABASE: haine

TABLE: Super_Cars
Localitate                     Denumire                       Garantie                       Importator                     ID                             Regiune                        Prenume                        Nume                           
------------------------------ ------------------------------ ------------------------------ ------------------------------ ------------------------------ ------------------------------ ------------------------------ ------------------------------ 
loss                           Baker                          cluttered                      lying                          yellow                         Janet                          John                           Diana                          

TABLE: Masini
Impozit                        Consum                         Pret/metru                     Total                          Salariu_baza                   TVA                            Discount                       
------------------------------ ------------------------------ ------------------------------ ------------------------------ ------------------------------ ------------------------------ ------------------------------ 
0.207600                       0.228000                       0.719700                       0.577100                       0.504300                       0.323900                       0.597200                       

TABLE: Bere
Consum                         Impozit                        TVA                            Total                          Pret/metru                     Salariu_baza                   
------------------------------ ------------------------------ ------------------------------ ------------------------------ ------------------------------ ------------------------------ 

TABLE: Uber
Tip                            Impozit                        Consum                         Pret/metru                     Pret/bucata                    Salariu_baza                   
------------------------------ ------------------------------ ------------------------------ ------------------------------ ------------------------------ ------------------------------ 
0.598500                       0.116600                       0.625300                       0.998300                       0.901500                       0.680700                       

TABLE: Elevi
ID                             Tara_Origine                   Denumire                       Regiune                        Nume                           Importator                     
------------------------------ ------------------------------ ------------------------------ ------------------------------ ------------------------------ ------------------------------ 

TABLE: Studenti
Localitate                     Denumire                       Tara_Origine                   Regiune                        Nume                           Garantie                       
------------------------------ ------------------------------ ------------------------------ ------------------------------ ------------------------------ ------------------------------ 

TABLE: Ambientale
ID                             Rating                         Marcaje                        Disponibile                    Restantieri                    Rezervate                      
------------------------------ ------------------------------ ------------------------------ ------------------------------ ------------------------------ ------------------------------ 

TABLE: Ambientale
ID                             Rating                         Marcaje                        Disponibile                    Restantieri                    Rezervate                      
------------------------------ ------------------------------ ------------------------------ ------------------------------ ------------------------------ ------------------------------ 

TABLE: Camioane
ID                             Pret/metru                     Discount                       Total                          Consum                         Pret/bucata                    
------------------------------ ------------------------------ ------------------------------ ------------------------------ ------------------------------ ------------------------------ 

TABLE: Studenti
Localitate                     Denumire                       Tara_Origine                   Regiune                        Nume                           Garantie                       
------------------------------ ------------------------------ ------------------------------ ------------------------------ ------------------------------ ------------------------------ 

DATABASE: haine

TABLE: Super_Cars
Localitate                     Denumire                       Garantie                       Importator                     ID                             Regiune                        Prenume                        Nume                           
------------------------------ ------------------------------ ------------------------------ ------------------------------ ------------------------------ ------------------------------ ------------------------------ ------------------------------ 
loss                           Baker                          cluttered                      lying                          yellow                         Janet                          John                           Diana                          

TABLE: Masini
Impozit                        Consum                         Pret/metru                     Total                          Salariu_baza                   TVA                            Discount                       
------------------------------ ------------------------------ ------------------------------ ------------------------------ ------------------------------ ------------------------------ ------------------------------ 
0.207600                       0.228000                       0.719700                       0.577100                       0.504300                       0.323900                       0.597200                       
0.486600                       0.557300                       0.521200                       0.407900                       0.990400                       0.017300                       0.419800                       

TABLE: Bere
Consum                         Impozit                        TVA                            Total                          Pret/metru                     Salariu_baza                   
------------------------------ ------------------------------ ------------------------------ ------------------------------ ------------------------------ ------------------------------ 

TABLE: Uber
Tip                            Impozit                        Consum                         Pret/metru                     Pret/bucata                    Salariu_baza                   
------------------------------ ------------------------------ ------------------------------ ------------------------------ ------------------------------ ------------------------------ 
0.598500                       0.116600                       0.625300                       0.998300                       0.901500                       0.680700                       

TABLE: Elevi
ID                             Tara_Origine                   Denumire                       Regiune                        Nume                           Importator                     
------------------------------ ------------------------------ ------------------------------ ------------------------------ ------------------------------ ------------------------------ 

TABLE: Studenti
Localitate                     Denumire                       Tara_Origine                   Regiune                        Nume                           Garantie                       
------------------------------ ------------------------------ ------------------------------ ------------------------------ ------------------------------ ------------------------------ 

TABLE: Ambientale
ID                             Rating                         Marcaje                        Disponibile                    Restantieri                    Rezervate                      
------------------------------ ------------------------------ ------------------------------ ------------------------------ ------------------------------ ------------------------------ 
508305                         604273                         426693                         34926                          435328                         490056                         

TABLE: Camioane
ID                             Pret/metru                     Discount                       Total                          Consum                         Pret/bucata                    
------------------------------ ------------------------------ ------------------------------ ------------------------------ ------------------------------ ------------------------------ 

DATABASE: haine

TABLE: Super_Cars
Localitate                     Denumire                       Garantie                       Importator                     ID                             Regiune                        Prenume                        Nume                           
------------------------------ ------------------------------ ------------------------------ ------------------------------ ------------------------------ ------------------------------ ------------------------------ ------------------------------ 
loss                           Baker                          cluttered                      lying                          yellow                         Janet                          John                           Diana                          

TABLE: Masini
Impozit                        Consum                         Pret/metru                     Total                          Salariu_baza                   TVA                            Discount                       
------------------------------ ------------------------------ ------------------------------ ------------------------------ ------------------------------ ------------------------------ ------------------------------ 
0.207600                       0.228000                       0.719700                       0.577100                       0.504300                       0.323900                       0.597200                       
0.486600                       0.557300                       0.521200                       0.407900                       0.990400                       0.017300                       0.419800                       

TABLE: Bere
Consum                         Impozit                        TVA                            Total                          Pret/metru                     Salariu_baza                   
------------------------------ ------------------------------ ------------------------------ ------------------------------ ------------------------------ ------------------------------ 

TABLE: Uber
Tip                            Impozit                        Consum                         Pret/metru                     Pret/bucata                    Salariu_baza                   
------------------------------ ------------------------------ ------------------------------ ------------------------------ ------------------------------ ------------------------------ 
0.598500                       0.116600                       0.625300                       0.998300                       0.901500                       0.680700                       

TABLE: Elevi
ID                             Tara_Origine                   Denumire                       Regiune                        Nume                           Importator                     
------------------------------ ------------------------------ ------------------------------ ------------------------------ ------------------------------ ------------------------------ 

TABLE: Studenti
Localitate                     Denumire                       Tara_Origine                   Regiune                        Nume                           Garantie                       
------------------------------ ------------------------------ ------------------------------ ------------------------------ ------------------------------ ------------------------------ 

TABLE: Camioane
ID                             Pret/metru                     Discount                       Total                          Consum                         Pret/bucata                    
------------------------------ ------------------------------ ------------------------------ ------------------------------ ------------------------------ ------------------------------ 

TABLE: Economie
Olimpici                       Societati_Comerciale           Disponibile                    Cantitate                      Rezervate                      Restantieri                    ID                             Rating                         
------------------------------ ------------------------------ ------------------------------ ------------------------------ ------------------------------ ------------------------------ ------------------------------ ------------------------------ 

Table "Fainoase" not found in database.
Table "Bujii" not found in database.
TABLE: Elevi
ID                             Tara_Origine                   Denumire                       Regiune                        Nume                           Importator                     
------------------------------ ------------------------------ ------------------------------ ------------------------------ ------------------------------ ------------------------------ 

Table "Tropicale" not found in database.
Table "Racoritoare" not found in database.
DATABASE: haine

TABLE: Super_Cars
Localitate                     Denumire                       Garantie                       Importator                     ID                             Regiune                        Prenume                        Nume                           
------------------------------ ------------------------------ ------------------------------ ------------------------------ ------------------------------ ------------------------------ ------------------------------ ------------------------------ 
loss                           Baker                          cluttered                      lying                          yellow                         Janet                          John                           Diana                          

TABLE: Masini
Impozit                        Consum                         Pret/metru                     Total                          Salariu_baza                   TVA                            Discount                       
------------------------------ ------------------------------ ------------------------------ ------------------------------ ------------------------------ ------------------------------ ------------------------------ 
0.207600                       0.228000                       0.719700                       0.577100                       0.504300                       0.323900                       0.597200                       
0.486600                       0.557300                       0.521200                       0.407900                       0.990400                       0.017300                       0.419800                       

TABLE: Bere
Consum                         Impozit                        TVA                            Total                          Pret/metru                     Salariu_baza                   
------------------------------ ------------------------------ ------------------------------ ------------------------------ ------------------------------ ------------------------------ 

TABLE: Uber
Tip                            Impozit                        Consum                         Pret/metru                     Pret/bucata                    Salariu_baza                   
------------------------------ ------------------------------ ------------------------------ ------------------------------ ------------------------------ ------------------------------ 
0.598500                       0.116600                       0.625300                       0.998300                       0.901500                       0.680700                       

TABLE: Elevi
ID                             Tara_Origine                   Denumire                       Regiune                        Nume                           Importator                     
------------------------------ ------------------------------ ------------------------------ ------------------------------ ------------------------------ ------------------------------ 
wasteful                       luxuriant                      Anthony                        Edwards                        jewel                          Joyce                          

TABLE: Studenti
Localitate                     Denumire                       Tara_Origine                   Regiune                        Nume                           Garantie                       
------------------------------ ------------------------------ ------------------------------ ------------------------------ ------------------------------ ------------------------------ 
nice                           Jenkins                        Christina                      Coleman                        Gray                           admit                          

TABLE: Camioane
ID                             Pret/metru                     Discount                       Total                          Consum                         Pret/bucata                    
------------------------------ ------------------------------ ------------------------------ ------------------------------ ------------------------------ ------------------------------ 
0.818100                       0.078500                       0.294400                       0.117700                       0.828700                       0.288400                       

TABLE: Economie
Olimpici                       Societati_Comerciale           Disponibile                    Cantitate                      Rezervate                      Restantieri                    ID                             Rating                         
------------------------------ ------------------------------ ------------------------------ ------------------------------ ------------------------------ ------------------------------ ------------------------------ ------------------------------ 
285311                         497831                         437170                         564965                         367656                         104132                         39033                          165550                         

TABLE: Obiecte
Impozit                        ID                             Pret/metru                     TVA                            Total                          Discount                       Tip                            
------------------------------ ------------------------------ ------------------------------ ------------------------------ ------------------------------ ------------------------------ ------------------------------ 

DATABASE: haine

TABLE: Super_Cars
Localitate                     Denumire                       Garantie                       Importator                     ID                             Regiune                        Prenume                        Nume                           
------------------------------ ------------------------------ ------------------------------ ------------------------------ ------------------------------ ------------------------------ ------------------------------ ------------------------------ 
loss                           Baker                          cluttered                      lying                          yellow                         Janet                          John                           Diana                          

TABLE: Masini
Impozit                        Consum                         Pret/metru                     Total                          Salariu_baza                   TVA                            Discount                       
------------------------------ ------------------------------ ------------------------------ ------------------------------ ------------------------------ ------------------------------ ------------------------------ 
0.207600                       0.228000                       0.719700                       0.577100                       0.504300                       0.323900                       0.597200                       
0.486600                       0.557300                       0.521200                       0.407900                       0.990400                       0.017300                       0.419800                       

TABLE: Bere
Consum                         Impozit                        TVA                            Total                          Pret/metru                     Salariu_baza                   
------------------------------ ------------------------------ ------------------------------ ------------------------------ ------------------------------ ------------------------------ 

TABLE: Uber
Tip                            Impozit                        Consum                         Pret/metru                     Pret/bucata                    Salariu_baza                   
------------------------------ ------------------------------ ------------------------------ ------------------------------ ------------------------------ ------------------------------ 
0.598500                       0.116600                       0.625300                       0.998300                       0.901500                       0.680700                       

TABLE: Elevi
ID                             Tara_Origine                   Denumire                       Regiune                        Nume                           Importator                     
------------------------------ ------------------------------ ------------------------------ ------------------------------ ------------------------------ ------------------------------ 
wasteful                       luxuriant                      Anthony                        Edwards                        jewel                          Joyce                          

TABLE: Studenti
Localitate                     Denumire                       Tara_Origine                   Regiune                        Nume                           Garantie                       
------------------------------ ------------------------------ ------------------------------ ------------------------------ ------------------------------ ------------------------------ 
nice                           Jenkins                        Christina                      Coleman                        Gray                           admit                          

TABLE: Camioane
ID                             Pret/metru                     Discount                       Total                          Consum                         Pret/bucata                    
------------------------------ ------------------------------ ------------------------------ ------------------------------ ------------------------------ ------------------------------ 
0.818100                       0.078500                       0.294400                       0.117700                       0.828700                       0.288400                       

TABLE: Economie
Olimpici                       Societati_Comerciale           Disponibile                    Cantitate                      Rezervate                      Restantieri                    ID                             Rating                         
------------------------------ ------------------------------ ------------------------------ ------------------------------ ------------------------------ ------------------------------ ------------------------------ ------------------------------ 
285311                         497831                         437170                         564965                         367656                         104132                         39033                          165550                         

TABLE: Obiecte
Impozit                        ID                             Pret/metru                     TVA                            Total                          Discount                       Tip                            
------------------------------ ------------------------------ ------------------------------ ------------------------------ ------------------------------ ------------------------------ ------------------------------ 

Table "Utilaje" not found in database.
TABLE: Obiecte
Impozit                        ID                             Pret/metru                     TVA                            Total                          Discount                       Tip                            
------------------------------ ------------------------------ ------------------------------ ------------------------------ ------------------------------ ------------------------------ ------------------------------ 

Table "Tropicale" not found in database.
DATABASE: haine

TABLE: Super_Cars
Localitate                     Denumire                       Garantie                       Importator                     ID                             Regiune                        Prenume                        Nume                           
------------------------------ ------------------------------ ------------------------------ ------------------------------ ------------------------------ ------------------------------ ------------------------------ ------------------------------ 
loss                           Baker                          cluttered                      lying                          yellow                         Janet                          John                           Diana                          

TABLE: Masini
Impozit                        Consum                         Pret/metru                     Total                          Salariu_baza                   TVA                            Discount                       
------------------------------ ------------------------------ ------------------------------ ------------------------------ ------------------------------ ------------------------------ ------------------------------ 
0.207600                       0.228000                       0.719700                       0.577100                       0.504300                       0.323900                       0.597200                       
0.486600                       0.557300                       0.521200                       0.407900                       0.990400                       0.017300                       0.419800                       

TABLE: Bere
Consum                         Impozit                        TVA                            Total                          Pret/metru                     Salariu_baza                   
------------------------------ ------------------------------ ------------------------------ ------------------------------ ------------------------------ ------------------------------ 

TABLE: Uber
Tip                            Impozit                        Consum                         Pret/metru                     Pret/bucata                    Salariu_baza                   
------------------------------ ------------------------------ ------------------------------ ------------------------------ ------------------------------ ------------------------------ 
0.598500                       0.116600                       0.625300                       0.998300                       0.901500                       0.680700                       

TABLE: Elevi
ID                             Tara_Origine                   Denumire                       Regiune                        Nume                           Importator                     
------------------------------ ------------------------------ ------------------------------ ------------------------------ ------------------------------ ------------------------------ 
wasteful                       luxuriant                      Anthony                        Edwards                        jewel                          Joyce                          

TABLE: Studenti
Localitate                     Denumire                       Tara_Origine                   Regiune                        Nume                           Garantie                       
------------------------------ ------------------------------ ------------------------------ ------------------------------ ------------------------------ ------------------------------ 
nice                           Jenkins                        Christina                      Coleman                        Gray                           admit                          

TABLE: Camioane
ID                             Pret/metru                     Discount                       Total                          Consum                         Pret/bucata                    
------------------------------ ------------------------------ ------------------------------ ------------------------------ ------------------------------ ------------------------------ 
0.818100                       0.078500                       0.294400                       0.117700                       0.828700                       0.288400                       

TABLE: Economie
Olimpici                       Societati_Comerciale           Disponibile                    Cantitate                      Rezervate                      Restantieri                    ID                             Rating                         
------------------------------ ------------------------------ ------------------------------ ------------------------------ ------------------------------ ------------------------------ ------------------------------ ------------------------------ 
285311                         497831                         437170                         564965                         367656                         104132                         39033                          165550                         

TABLE: Obiecte
Impozit                        ID                             Pret/metru                     TVA                            Total                          Discount                       Tip                            
------------------------------ ------------------------------ ------------------------------ ------------------------------ ------------------------------ ------------------------------ ------------------------------ 

Table "Fainoase" not found in database.
TABLE: Super_Cars
Localitate                     Denumire                       Garantie                       Importator                     ID                             Regiune                        Prenume                        Nume                           
------------------------------ ------------------------------ ------------------------------ ------------------------------ ------------------------------ ------------------------------ ------------------------------ ------------------------------ 
loss                           Baker                          cluttered                      lying                          yellow                         Janet                          John                           Diana                          

Table "Linoleum" not found in database.
Table "Ambientale" not found in database.
Table "Tropicale" not found in database.
Table "Asistenti" not found in database.
Table "Profesori" not found in database.
Table "Tropicale" not found in database.
DATABASE: haine

TABLE: Super_Cars
Localitate                     Denumire                       Garantie                       Importator                     ID                             Regiune                        Prenume                        Nume                           
------------------------------ ------------------------------ ------------------------------ ------------------------------ ------------------------------ ------------------------------ ------------------------------ ------------------------------ 
loss                           Baker                          cluttered                      lying                          yellow                         Janet                          John                           Diana                          

TABLE: Masini
Impozit                        Consum                         Pret/metru                     Total                          Salariu_baza                   TVA                            Discount                       
------------------------------ ------------------------------ ------------------------------ ------------------------------ ------------------------------ ------------------------------ ------------------------------ 
0.207600                       0.228000                       0.719700                       0.577100                       0.504300                       0.323900                       0.597200                       
0.486600                       0.557300                       0.521200                       0.407900                       0.990400                       0.017300                       0.419800                       

TABLE: Bere
Consum                         Impozit                        TVA                            Total                          Pret/metru                     Salariu_baza                   
------------------------------ ------------------------------ ------------------------------ ------------------------------ ------------------------------ ------------------------------ 

TABLE: Uber
Tip                            Impozit                        Consum                         Pret/metru                     Pret/bucata                    Salariu_baza                   
------------------------------ ------------------------------ ------------------------------ ------------------------------ ------------------------------ ------------------------------ 
0.598500                       0.116600                       0.625300                       0.998300                       0.901500                       0.680700                       
0.228300                       0.979600                       0.785400                       0.590600                       0.412500                       0.164800                       

TABLE: Elevi
ID                             Tara_Origine                   Denumire                       Regiune                        Nume                           Importator                     
------------------------------ ------------------------------ ------------------------------ ------------------------------ ------------------------------ ------------------------------ 
wasteful                       luxuriant                      Anthony                        Edwards                        jewel                          Joyce                          

TABLE: Studenti
Localitate                     Denumire                       Tara_Origine                   Regiune                        Nume                           Garantie                       
------------------------------ ------------------------------ ------------------------------ ------------------------------ ------------------------------ ------------------------------ 
nice                           Jenkins                        Christina                      Coleman                        Gray                           admit                          

TABLE: Camioane
ID                             Pret/metru                     Discount                       Total                          Consum                         Pret/bucata                    
------------------------------ ------------------------------ ------------------------------ ------------------------------ ------------------------------ ------------------------------ 
0.818100                       0.078500                       0.294400                       0.117700                       0.828700                       0.288400                       

TABLE: Economie
Olimpici                       Societati_Comerciale           Disponibile                    Cantitate                      Rezervate                      Restantieri                    ID                             Rating                         
------------------------------ ------------------------------ ------------------------------ ------------------------------ ------------------------------ ------------------------------ ------------------------------ ------------------------------ 
285311                         497831                         437170                         564965                         367656                         104132                         39033                          165550                         

TABLE: Obiecte
Impozit                        ID                             Pret/metru                     TVA                            Total                          Discount                       Tip                            
------------------------------ ------------------------------ ------------------------------ ------------------------------ ------------------------------ ------------------------------ ------------------------------ 

DATABASE: haine

TABLE: Super_Cars
Localitate                     Denumire                       Garantie                       Importator                     ID                             Regiune                        Prenume                        Nume                           
------------------------------ ------------------------------ ------------------------------ ------------------------------ ------------------------------ ------------------------------ ------------------------------ ------------------------------ 
loss                           Baker                          cluttered                      lying                          yellow                         Janet                          John                           Diana                          

TABLE: Masini
Impozit                        Consum                         Pret/metru                     Total                          Salariu_baza                   TVA                            Discount                       
------------------------------ ------------------------------ ------------------------------ ------------------------------ ------------------------------ ------------------------------ ------------------------------ 
0.207600                       0.228000                       0.719700                       0.577100                       0.504300                       0.323900                       0.597200                       
0.486600                       0.557300                       0.521200                       0.407900                       0.990400                       0.017300                       0.419800                       

TABLE: Bere
Consum                         Impozit                        TVA                            Total                          Pret/metru                     Salariu_baza                   
------------------------------ ------------------------------ ------------------------------ ------------------------------ ------------------------------ ------------------------------ 

TABLE: Uber
Tip                            Impozit                        Consum                         Pret/metru                     Pret/bucata                    Salariu_baza                   
------------------------------ ------------------------------ ------------------------------ ------------------------------ ------------------------------ ------------------------------ 
0.598500                       0.116600                       0.625300                       0.998300                       0.901500                       0.680700                       
0.228300                       0.979600                       0.785400                       0.590600                       0.412500                       0.164800                       

TABLE: Elevi
ID                             Tara_Origine                   Denumire                       Regiune                        Nume                           Importator                     
------------------------------ ------------------------------ ------------------------------ ------------------------------ ------------------------------ ------------------------------ 
wasteful                       luxuriant                      Anthony                        Edwards                        jewel                          Joyce                          

TABLE: Studenti
Localitate                     Denumire                       Tara_Origine                   Regiune                        Nume                           Garantie                       
------------------------------ ------------------------------ ------------------------------ ------------------------------ ------------------------------ ------------------------------ 
nice                           Jenkins                        Christina                      Coleman                        Gray                           admit                          

TABLE: Camioane
ID                             Pret/metru                     Discount                       Total                          Consum                         Pret/bucata                    
------------------------------ ------------------------------ ------------------------------ ------------------------------ ------------------------------ ------------------------------ 
0.818100                       0.078500                       0.294400                       0.117700                       0.828700                       0.288400                       

TABLE: Economie
Olimpici                       Societati_Comerciale           Disponibile                    Cantitate                      Rezervate                      Restantieri                    ID                             Rating                         
------------------------------ ------------------------------ ------------------------------ ------------------------------ ------------------------------ ------------------------------ ------------------------------ ------------------------------ 
285311                         497831                         437170                         564965                         367656                         104132                         39033                          165550                         

TABLE: Obiecte
Impozit                        ID                             Pret/metru                     TVA                            Total                          Discount                       Tip                            
------------------------------ ------------------------------ ------------------------------ ------------------------------ ------------------------------ ------------------------------ ------------------------------ 

DATABASE: haine

TABLE: Super_Cars
Localitate                     Denumire                       Garantie                       Importator                     ID                             Regiune                        Prenume                        Nume                           
------------------------------ ------------------------------ ------------------------------ ------------------------------ ------------------------------ ------------------------------ ------------------------------ ------------------------------ 
loss                           Baker                          cluttered                      lying                          yellow                         Janet                          John                           Diana                          

TABLE: Masini
Impozit                        Consum                         Pret/metru                     Total                          Salariu_baza                   TVA                            Discount                       
------------------------------ ------------------------------ ------------------------------ ------------------------------ ------------------------------ ------------------------------ ------------------------------ 
0.207600                       0.228000                       0.719700                       0.577100                       0.504300                       0.323900                       0.597200                       
0.486600                       0.557300                       0.521200                       0.407900                       0.990400                       0.017300                       0.419800                       

TABLE: Bere
Consum                         Impozit                        TVA                            Total                          Pret/metru                     Salariu_baza                   
------------------------------ ------------------------------ ------------------------------ ------------------------------ ------------------------------ ------------------------------ 

TABLE: Uber
Tip                            Impozit                        Consum                         Pret/metru                     Pret/bucata                    Salariu_baza                   
------------------------------ ------------------------------ ------------------------------ ------------------------------ ------------------------------ ------------------------------ 
0.598500                       0.116600                       0.625300                       0.998300                       0.901500                       0.680700                       
0.228300                       0.979600                       0.785400                       0.590600                       0.412500                       0.164800                       

TABLE: Elevi
ID                             Tara_Origine                   Denumire                       Regiune                        Nume                           Importator                     
------------------------------ ------------------------------ ------------------------------ ------------------------------ ------------------------------ ------------------------------ 
wasteful                       luxuriant                      Anthony                        Edwards                        jewel                          Joyce                          

TABLE: Studenti
Localitate                     Denumire                       Tara_Origine                   Regiune                        Nume                           Garantie                       
------------------------------ ------------------------------ ------------------------------ ------------------------------ ------------------------------ ------------------------------ 
nice                           Jenkins                        Christina                      Coleman                        Gray                           admit                          

TABLE: Camioane
ID                             Pret/metru                     Discount                       Total                          Consum                         Pret/bucata                    
------------------------------ ------------------------------ ------------------------------ ------------------------------ ------------------------------ ------------------------------ 
0.818100                       0.078500                       0.294400                       0.117700                       0.828700                       0.288400                       

TABLE: Economie
Olimpici                       Societati_Comerciale           Disponibile                    Cantitate                      Rezervate                      Restantieri                    ID                             Rating                         
------------------------------ ------------------------------ ------------------------------ ------------------------------ ------------------------------ ------------------------------ ------------------------------ ------------------------------ 
285311                         497831                         437170                         564965                         367656                         104132                         39033                          165550                         

TABLE: Obiecte
Impozit                        ID                             Pret/metru                     TVA                            Total                          Discount                       Tip                            
------------------------------ ------------------------------ ------------------------------ ------------------------------ ------------------------------ ------------------------------ ------------------------------ 

Table "Tropicale" not found in database.
TABLE: Bere
Consum                         Impozit                        TVA                            Total                          Pret/metru                     Salariu_baza                   
------------------------------ ------------------------------ ------------------------------ ------------------------------ ------------------------------ ------------------------------ 

Table "Fainoase" not found in database.
TABLE: Masini
Impozit                        Consum                         Pret/metru                     Total                          Salariu_baza                   TVA                            Discount                       
------------------------------ ------------------------------ ------------------------------ ------------------------------ ------------------------------ ------------------------------ ------------------------------ 
0.207600                       0.228000                       0.719700                       0.577100                       0.504300                       0.323900                       0.597200                       
0.486600                       0.557300                       0.521200                       0.407900                       0.990400                       0.017300                       0.419800                       

TABLE: Camioane
ID                             Pret/metru                     Discount                       Total                          Consum                         Pret/bucata                    
------------------------------ ------------------------------ ------------------------------ ------------------------------ ------------------------------ ------------------------------ 
0.818100                       0.078500                       0.294400                       0.117700                       0.828700                       0.288400                       

