Table "Studente" not found in database.
Table "Echipari" not found in database.
Table "Ambientale" not found in database.
TABLE: Camioane
TVA                            Total                          Pret/bucata                    Salariu_baza                   Tip                            Pret/metru                     
------------------------------ ------------------------------ ------------------------------ ------------------------------ ------------------------------ ------------------------------ 
0.099400                       0.918200                       0.999300                       0.189700                       0.995100                       0.621500                       

Table "Uber" not found in database.
TABLE: Asistenti
Localitate                     Regiune                        Nume                           Importator                     Denumire                       Tara_Origine                   
------------------------------ ------------------------------ ------------------------------ ------------------------------ ------------------------------ ------------------------------ 

Table "Masini" not found in database.
Table "Echipamente" not found in database.
TABLE: Asistenti
Localitate                     Regiune                        Nume                           Importator                     Denumire                       Tara_Origine                   
------------------------------ ------------------------------ ------------------------------ ------------------------------ ------------------------------ ------------------------------ 
Walter                         Louise                         Adam                           rustic                         Bell                           arm                            
screeching                     straight                       Brian                          nice                           Anderson                       Rodriguez                      

TABLE: Oameni
Nume                           Tara_Origine                   Prenume                        Importator                     Garantie                       ID                             Regiune                        Localitate                     
------------------------------ ------------------------------ ------------------------------ ------------------------------ ------------------------------ ------------------------------ ------------------------------ ------------------------------ 
Brooks                         Kathryn                        jewel                          Kathleen                       Anna                           Campbell                       Bryant                         Roberts                        

Table "Ambientale" not found in database.
DATABASE: restaurant

TABLE: Asistenti
Localitate                     Regiune                        Nume                           Importator                     Denumire                       Tara_Origine                   
------------------------------ ------------------------------ ------------------------------ ------------------------------ ------------------------------ ------------------------------ 
Walter                         Louise                         Adam                           rustic                         Bell                           arm                            
screeching                     straight                       Brian                          nice                           Anderson                       Rodriguez                      
secret                         drip                           rustic                         Jack                           unique                         change                         

TABLE: Camioane
TVA                            Total                          Pret/bucata                    Salariu_baza                   Tip                            Pret/metru                     
------------------------------ ------------------------------ ------------------------------ ------------------------------ ------------------------------ ------------------------------ 
0.099400                       0.918200                       0.999300                       0.189700                       0.995100                       0.621500                       
0.198200                       0.337800                       0.442700                       0.640900                       0.587500                       0.183000                       
0.312300                       0.772200                       0.856400                       0.076600                       0.615400                       0.728900                       

TABLE: Oameni
Nume                           Tara_Origine                   Prenume                        Importator                     Garantie                       ID                             Regiune                        Localitate                     
------------------------------ ------------------------------ ------------------------------ ------------------------------ ------------------------------ ------------------------------ ------------------------------ ------------------------------ 
Brooks                         Kathryn                        jewel                          Kathleen                       Anna                           Campbell                       Bryant                         Roberts                        

TABLE: Economie
ID                             Rezervate                      Restantieri                    Societati_Comerciale           Nr_Defecte                     Cantitate                      Rating                         
------------------------------ ------------------------------ ------------------------------ ------------------------------ ------------------------------ ------------------------------ ------------------------------ 

TABLE: Salarii
TVA                            Pret/metru                     Impozit                        ID                             Consum                         Tip                            Pret/bucata                    
------------------------------ ------------------------------ ------------------------------ ------------------------------ ------------------------------ ------------------------------ ------------------------------ 
0.137600                       0.522900                       0.018100                       0.353900                       0.209600                       0.909800                       0.760600                       

Table "Balast" not found in database.
Table "Studente" not found in database.
Table "Electronice" not found in database.
Table "Asistenti" not found in database.
Table "Echipamente" not found in database.
DATABASE: restaurant

TABLE: Camioane
TVA                            Total                          Pret/bucata                    Salariu_baza                   Tip                            Pret/metru                     
------------------------------ ------------------------------ ------------------------------ ------------------------------ ------------------------------ ------------------------------ 
0.099400                       0.918200                       0.999300                       0.189700                       0.995100                       0.621500                       
0.198200                       0.337800                       0.442700                       0.640900                       0.587500                       0.183000                       
0.312300                       0.772200                       0.856400                       0.076600                       0.615400                       0.728900                       
0.373500                       0.668900                       0.713100                       0.494200                       0.153800                       0.692900                       

TABLE: Oameni
Nume                           Tara_Origine                   Prenume                        Importator                     Garantie                       ID                             Regiune                        Localitate                     
------------------------------ ------------------------------ ------------------------------ ------------------------------ ------------------------------ ------------------------------ ------------------------------ ------------------------------ 
Brooks                         Kathryn                        jewel                          Kathleen                       Anna                           Campbell                       Bryant                         Roberts                        

TABLE: Economie
ID                             Rezervate                      Restantieri                    Societati_Comerciale           Nr_Defecte                     Cantitate                      Rating                         
------------------------------ ------------------------------ ------------------------------ ------------------------------ ------------------------------ ------------------------------ ------------------------------ 

TABLE: Salarii
TVA                            Pret/metru                     Impozit                        ID                             Consum                         Tip                            Pret/bucata                    
------------------------------ ------------------------------ ------------------------------ ------------------------------ ------------------------------ ------------------------------ ------------------------------ 
0.137600                       0.522900                       0.018100                       0.353900                       0.209600                       0.909800                       0.760600                       

TABLE: Mirodenii
Salariu_baza                   Pret/bucata                    Impozit                        Total                          Discount                       Tip                            
------------------------------ ------------------------------ ------------------------------ ------------------------------ ------------------------------ ------------------------------ 

TABLE: Bursieri
Regiune                        ID                             Tara_Origine                   Localitate                     Garantie                       Denumire                       
------------------------------ ------------------------------ ------------------------------ ------------------------------ ------------------------------ ------------------------------ 

TABLE: Echipamente
Garantie                       ID                             Prenume                        Nume                           Tara_Origine                   Regiune                        Denumire                       
------------------------------ ------------------------------ ------------------------------ ------------------------------ ------------------------------ ------------------------------ ------------------------------ 

TABLE: Oameni
Nume                           Tara_Origine                   Prenume                        Importator                     Garantie                       ID                             Regiune                        Localitate                     
------------------------------ ------------------------------ ------------------------------ ------------------------------ ------------------------------ ------------------------------ ------------------------------ ------------------------------ 

TABLE: Oameni
Nume                           Tara_Origine                   Prenume                        Importator                     Garantie                       ID                             Regiune                        Localitate                     
------------------------------ ------------------------------ ------------------------------ ------------------------------ ------------------------------ ------------------------------ ------------------------------ ------------------------------ 
Brooks                         Kathryn                        jewel                          Kathleen                       Anna                           Campbell                       Bryant                         Roberts                        

DATABASE: restaurant

TABLE: Camioane
TVA                            Total                          Pret/bucata                    Salariu_baza                   Tip                            Pret/metru                     
------------------------------ ------------------------------ ------------------------------ ------------------------------ ------------------------------ ------------------------------ 
0.099400                       0.918200                       0.999300                       0.189700                       0.995100                       0.621500                       
0.198200                       0.337800                       0.442700                       0.640900                       0.587500                       0.183000                       
0.312300                       0.772200                       0.856400                       0.076600                       0.615400                       0.728900                       
0.373500                       0.668900                       0.713100                       0.494200                       0.153800                       0.692900                       

TABLE: Economie
ID                             Rezervate                      Restantieri                    Societati_Comerciale           Nr_Defecte                     Cantitate                      Rating                         
------------------------------ ------------------------------ ------------------------------ ------------------------------ ------------------------------ ------------------------------ ------------------------------ 

TABLE: Salarii
TVA                            Pret/metru                     Impozit                        ID                             Consum                         Tip                            Pret/bucata                    
------------------------------ ------------------------------ ------------------------------ ------------------------------ ------------------------------ ------------------------------ ------------------------------ 
0.137600                       0.522900                       0.018100                       0.353900                       0.209600                       0.909800                       0.760600                       

TABLE: Mirodenii
Salariu_baza                   Pret/bucata                    Impozit                        Total                          Discount                       Tip                            
------------------------------ ------------------------------ ------------------------------ ------------------------------ ------------------------------ ------------------------------ 

TABLE: Bursieri
Regiune                        ID                             Tara_Origine                   Localitate                     Garantie                       Denumire                       
------------------------------ ------------------------------ ------------------------------ ------------------------------ ------------------------------ ------------------------------ 

TABLE: Echipamente
Garantie                       ID                             Prenume                        Nume                           Tara_Origine                   Regiune                        Denumire                       
------------------------------ ------------------------------ ------------------------------ ------------------------------ ------------------------------ ------------------------------ ------------------------------ 

Table "Linoleum" not found in database.
TABLE: Angajati
Prenume                        Nume                           Strada                         Garantie                       Importator                     Regiune                        ID                             Tara_Origine                   
------------------------------ ------------------------------ ------------------------------ ------------------------------ ------------------------------ ------------------------------ ------------------------------ ------------------------------ 

DATABASE: restaurant

TABLE: Camioane
TVA                            Total                          Pret/bucata                    Salariu_baza                   Tip                            Pret/metru                     
------------------------------ ------------------------------ ------------------------------ ------------------------------ ------------------------------ ------------------------------ 
0.099400                       0.918200                       0.999300                       0.189700                       0.995100                       0.621500                       
0.198200                       0.337800                       0.442700                       0.640900                       0.587500                       0.183000                       
0.312300                       0.772200                       0.856400                       0.076600                       0.615400                       0.728900                       
0.373500                       0.668900                       0.713100                       0.494200                       0.153800                       0.692900                       
0.031400                       0.807700                       0.867200                       0.445700                       0.020200                       0.047900                       

TABLE: Salarii
TVA                            Pret/metru                     Impozit                        ID                             Consum                         Tip                            Pret/bucata                    
------------------------------ ------------------------------ ------------------------------ ------------------------------ ------------------------------ ------------------------------ ------------------------------ 
0.137600                       0.522900                       0.018100                       0.353900                       0.209600                       0.909800                       0.760600                       

TABLE: Mirodenii
Salariu_baza                   Pret/bucata                    Impozit                        Total                          Discount                       Tip                            
------------------------------ ------------------------------ ------------------------------ ------------------------------ ------------------------------ ------------------------------ 

TABLE: Bursieri
Regiune                        ID                             Tara_Origine                   Localitate                     Garantie                       Denumire                       
------------------------------ ------------------------------ ------------------------------ ------------------------------ ------------------------------ ------------------------------ 

TABLE: Echipamente
Garantie                       ID                             Prenume                        Nume                           Tara_Origine                   Regiune                        Denumire                       
------------------------------ ------------------------------ ------------------------------ ------------------------------ ------------------------------ ------------------------------ ------------------------------ 

TABLE: Angajati
Prenume                        Nume                           Strada                         Garantie                       Importator                     Regiune                        ID                             Tara_Origine                   
------------------------------ ------------------------------ ------------------------------ ------------------------------ ------------------------------ ------------------------------ ------------------------------ ------------------------------ 

Table "Economie" not found in database.
Table "Profesori" not found in database.
Table "Economie" not found in database.
Table "Oameni" not found in database.
Table "Oameni" not found in database.
Table "Asistenti" not found in database.
DATABASE: restaurant

TABLE: Camioane
TVA                            Total                          Pret/bucata                    Salariu_baza                   Tip                            Pret/metru                     
------------------------------ ------------------------------ ------------------------------ ------------------------------ ------------------------------ ------------------------------ 
0.099400                       0.918200                       0.999300                       0.189700                       0.995100                       0.621500                       
0.198200                       0.337800                       0.442700                       0.640900                       0.587500                       0.183000                       
0.312300                       0.772200                       0.856400                       0.076600                       0.615400                       0.728900                       
0.373500                       0.668900                       0.713100                       0.494200                       0.153800                       0.692900                       
0.031400                       0.807700                       0.867200                       0.445700                       0.020200                       0.047900                       

TABLE: Salarii
TVA                            Pret/metru                     Impozit                        ID                             Consum                         Tip                            Pret/bucata                    
------------------------------ ------------------------------ ------------------------------ ------------------------------ ------------------------------ ------------------------------ ------------------------------ 
0.137600                       0.522900                       0.018100                       0.353900                       0.209600                       0.909800                       0.760600                       

TABLE: Mirodenii
Salariu_baza                   Pret/bucata                    Impozit                        Total                          Discount                       Tip                            
------------------------------ ------------------------------ ------------------------------ ------------------------------ ------------------------------ ------------------------------ 

TABLE: Bursieri
Regiune                        ID                             Tara_Origine                   Localitate                     Garantie                       Denumire                       
------------------------------ ------------------------------ ------------------------------ ------------------------------ ------------------------------ ------------------------------ 

TABLE: Echipamente
Garantie                       ID                             Prenume                        Nume                           Tara_Origine                   Regiune                        Denumire                       
------------------------------ ------------------------------ ------------------------------ ------------------------------ ------------------------------ ------------------------------ ------------------------------ 

TABLE: Angajati
Prenume                        Nume                           Strada                         Garantie                       Importator                     Regiune                        ID                             Tara_Origine                   
------------------------------ ------------------------------ ------------------------------ ------------------------------ ------------------------------ ------------------------------ ------------------------------ ------------------------------ 
impolite                       Stephen                        recondite                      wrist                          Thompson                       damaging                       aunt                           Turner                         

TABLE: Studente
Rating                         Marcaje                        ID                             Societati_Comerciale           Nr_Defecte                     Rezervate                      Disponibile                    
------------------------------ ------------------------------ ------------------------------ ------------------------------ ------------------------------ ------------------------------ ------------------------------ 
354652                         365207                         102840                         649640                         217684                         449442                         539084                         

TABLE: Racoritoare
Olimpici                       Rezervate                      Cantitate                      Disponibile                    Restantieri                    ID                             Marcaje                        Rating                         
------------------------------ ------------------------------ ------------------------------ ------------------------------ ------------------------------ ------------------------------ ------------------------------ ------------------------------ 
314485                         207175                         115610                         522227                         261197                         589695                         431776                         299033                         

Table "Asistenti" not found in database.
Table "Economie" not found in database.
DATABASE: restaurant

TABLE: Camioane
TVA                            Total                          Pret/bucata                    Salariu_baza                   Tip                            Pret/metru                     
------------------------------ ------------------------------ ------------------------------ ------------------------------ ------------------------------ ------------------------------ 
0.099400                       0.918200                       0.999300                       0.189700                       0.995100                       0.621500                       
0.198200                       0.337800                       0.442700                       0.640900                       0.587500                       0.183000                       
0.312300                       0.772200                       0.856400                       0.076600                       0.615400                       0.728900                       
0.373500                       0.668900                       0.713100                       0.494200                       0.153800                       0.692900                       
0.031400                       0.807700                       0.867200                       0.445700                       0.020200                       0.047900                       

TABLE: Salarii
TVA                            Pret/metru                     Impozit                        ID                             Consum                         Tip                            Pret/bucata                    
------------------------------ ------------------------------ ------------------------------ ------------------------------ ------------------------------ ------------------------------ ------------------------------ 
0.137600                       0.522900                       0.018100                       0.353900                       0.209600                       0.909800                       0.760600                       

TABLE: Mirodenii
Salariu_baza                   Pret/bucata                    Impozit                        Total                          Discount                       Tip                            
------------------------------ ------------------------------ ------------------------------ ------------------------------ ------------------------------ ------------------------------ 

TABLE: Bursieri
Regiune                        ID                             Tara_Origine                   Localitate                     Garantie                       Denumire                       
------------------------------ ------------------------------ ------------------------------ ------------------------------ ------------------------------ ------------------------------ 

TABLE: Echipamente
Garantie                       ID                             Prenume                        Nume                           Tara_Origine                   Regiune                        Denumire                       
------------------------------ ------------------------------ ------------------------------ ------------------------------ ------------------------------ ------------------------------ ------------------------------ 

TABLE: Angajati
Prenume                        Nume                           Strada                         Garantie                       Importator                     Regiune                        ID                             Tara_Origine                   
------------------------------ ------------------------------ ------------------------------ ------------------------------ ------------------------------ ------------------------------ ------------------------------ ------------------------------ 
impolite                       Stephen                        recondite                      wrist                          Thompson                       damaging                       aunt                           Turner                         

TABLE: Studente
Rating                         Marcaje                        ID                             Societati_Comerciale           Nr_Defecte                     Rezervate                      Disponibile                    
------------------------------ ------------------------------ ------------------------------ ------------------------------ ------------------------------ ------------------------------ ------------------------------ 
354652                         365207                         102840                         649640                         217684                         449442                         539084                         

TABLE: Racoritoare
Olimpici                       Rezervate                      Cantitate                      Disponibile                    Restantieri                    ID                             Marcaje                        Rating                         
------------------------------ ------------------------------ ------------------------------ ------------------------------ ------------------------------ ------------------------------ ------------------------------ ------------------------------ 
314485                         207175                         115610                         522227                         261197                         589695                         431776                         299033                         

TABLE: Studenti
Importator                     Denumire                       Nume                           ID                             Strada                         Localitate                     Prenume                        Tara_Origine                   
------------------------------ ------------------------------ ------------------------------ ------------------------------ ------------------------------ ------------------------------ ------------------------------ ------------------------------ 

TABLE: Salarii
TVA                            Pret/metru                     Impozit                        ID                             Consum                         Tip                            Pret/bucata                    
------------------------------ ------------------------------ ------------------------------ ------------------------------ ------------------------------ ------------------------------ ------------------------------ 
0.137600                       0.522900                       0.018100                       0.353900                       0.209600                       0.909800                       0.760600                       

Table "Asistenti" not found in database.
DATABASE: restaurant

TABLE: Camioane
TVA                            Total                          Pret/bucata                    Salariu_baza                   Tip                            Pret/metru                     
------------------------------ ------------------------------ ------------------------------ ------------------------------ ------------------------------ ------------------------------ 
0.099400                       0.918200                       0.999300                       0.189700                       0.995100                       0.621500                       
0.198200                       0.337800                       0.442700                       0.640900                       0.587500                       0.183000                       
0.312300                       0.772200                       0.856400                       0.076600                       0.615400                       0.728900                       
0.373500                       0.668900                       0.713100                       0.494200                       0.153800                       0.692900                       
0.031400                       0.807700                       0.867200                       0.445700                       0.020200                       0.047900                       

TABLE: Salarii
TVA                            Pret/metru                     Impozit                        ID                             Consum                         Tip                            Pret/bucata                    
------------------------------ ------------------------------ ------------------------------ ------------------------------ ------------------------------ ------------------------------ ------------------------------ 
0.137600                       0.522900                       0.018100                       0.353900                       0.209600                       0.909800                       0.760600                       

TABLE: Mirodenii
Salariu_baza                   Pret/bucata                    Impozit                        Total                          Discount                       Tip                            
------------------------------ ------------------------------ ------------------------------ ------------------------------ ------------------------------ ------------------------------ 
0.932000                       0.642700                       0.367200                       0.693000                       0.071700                       0.170200                       

TABLE: Bursieri
Regiune                        ID                             Tara_Origine                   Localitate                     Garantie                       Denumire                       
------------------------------ ------------------------------ ------------------------------ ------------------------------ ------------------------------ ------------------------------ 

TABLE: Echipamente
Garantie                       ID                             Prenume                        Nume                           Tara_Origine                   Regiune                        Denumire                       
------------------------------ ------------------------------ ------------------------------ ------------------------------ ------------------------------ ------------------------------ ------------------------------ 

TABLE: Angajati
Prenume                        Nume                           Strada                         Garantie                       Importator                     Regiune                        ID                             Tara_Origine                   
------------------------------ ------------------------------ ------------------------------ ------------------------------ ------------------------------ ------------------------------ ------------------------------ ------------------------------ 
impolite                       Stephen                        recondite                      wrist                          Thompson                       damaging                       aunt                           Turner                         

TABLE: Studente
Rating                         Marcaje                        ID                             Societati_Comerciale           Nr_Defecte                     Rezervate                      Disponibile                    
------------------------------ ------------------------------ ------------------------------ ------------------------------ ------------------------------ ------------------------------ ------------------------------ 
354652                         365207                         102840                         649640                         217684                         449442                         539084                         

TABLE: Racoritoare
Olimpici                       Rezervate                      Cantitate                      Disponibile                    Restantieri                    ID                             Marcaje                        Rating                         
------------------------------ ------------------------------ ------------------------------ ------------------------------ ------------------------------ ------------------------------ ------------------------------ ------------------------------ 
314485                         207175                         115610                         522227                         261197                         589695                         431776                         299033                         

TABLE: Studenti
Importator                     Denumire                       Nume                           ID                             Strada                         Localitate                     Prenume                        Tara_Origine                   
------------------------------ ------------------------------ ------------------------------ ------------------------------ ------------------------------ ------------------------------ ------------------------------ ------------------------------ 

DATABASE: restaurant

TABLE: Camioane
TVA                            Total                          Pret/bucata                    Salariu_baza                   Tip                            Pret/metru                     
------------------------------ ------------------------------ ------------------------------ ------------------------------ ------------------------------ ------------------------------ 
0.099400                       0.918200                       0.999300                       0.189700                       0.995100                       0.621500                       
0.198200                       0.337800                       0.442700                       0.640900                       0.587500                       0.183000                       
0.312300                       0.772200                       0.856400                       0.076600                       0.615400                       0.728900                       
0.373500                       0.668900                       0.713100                       0.494200                       0.153800                       0.692900                       
0.031400                       0.807700                       0.867200                       0.445700                       0.020200                       0.047900                       

TABLE: Salarii
TVA                            Pret/metru                     Impozit                        ID                             Consum                         Tip                            Pret/bucata                    
------------------------------ ------------------------------ ------------------------------ ------------------------------ ------------------------------ ------------------------------ ------------------------------ 
0.137600                       0.522900                       0.018100                       0.353900                       0.209600                       0.909800                       0.760600                       
0.341400                       0.956000                       0.199500                       0.574100                       0.430500                       0.654300                       0.062200                       

TABLE: Bursieri
Regiune                        ID                             Tara_Origine                   Localitate                     Garantie                       Denumire                       
------------------------------ ------------------------------ ------------------------------ ------------------------------ ------------------------------ ------------------------------ 

TABLE: Echipamente
Garantie                       ID                             Prenume                        Nume                           Tara_Origine                   Regiune                        Denumire                       
------------------------------ ------------------------------ ------------------------------ ------------------------------ ------------------------------ ------------------------------ ------------------------------ 

TABLE: Angajati
Prenume                        Nume                           Strada                         Garantie                       Importator                     Regiune                        ID                             Tara_Origine                   
------------------------------ ------------------------------ ------------------------------ ------------------------------ ------------------------------ ------------------------------ ------------------------------ ------------------------------ 
impolite                       Stephen                        recondite                      wrist                          Thompson                       damaging                       aunt                           Turner                         

TABLE: Studente
Rating                         Marcaje                        ID                             Societati_Comerciale           Nr_Defecte                     Rezervate                      Disponibile                    
------------------------------ ------------------------------ ------------------------------ ------------------------------ ------------------------------ ------------------------------ ------------------------------ 
354652                         365207                         102840                         649640                         217684                         449442                         539084                         

TABLE: Racoritoare
Olimpici                       Rezervate                      Cantitate                      Disponibile                    Restantieri                    ID                             Marcaje                        Rating                         
------------------------------ ------------------------------ ------------------------------ ------------------------------ ------------------------------ ------------------------------ ------------------------------ ------------------------------ 
314485                         207175                         115610                         522227                         261197                         589695                         431776                         299033                         

TABLE: Studenti
Importator                     Denumire                       Nume                           ID                             Strada                         Localitate                     Prenume                        Tara_Origine                   
------------------------------ ------------------------------ ------------------------------ ------------------------------ ------------------------------ ------------------------------ ------------------------------ ------------------------------ 

TABLE: Uber
TVA                            Pret/metru                     Impozit                        Discount                       Salariu_baza                   Consum                         Pret/bucata                    
------------------------------ ------------------------------ ------------------------------ ------------------------------ ------------------------------ ------------------------------ ------------------------------ 

DATABASE: restaurant

TABLE: Camioane
TVA                            Total                          Pret/bucata                    Salariu_baza                   Tip                            Pret/metru                     
------------------------------ ------------------------------ ------------------------------ ------------------------------ ------------------------------ ------------------------------ 
0.099400                       0.918200                       0.999300                       0.189700                       0.995100                       0.621500                       
0.198200                       0.337800                       0.442700                       0.640900                       0.587500                       0.183000                       
0.312300                       0.772200                       0.856400                       0.076600                       0.615400                       0.728900                       
0.373500                       0.668900                       0.713100                       0.494200                       0.153800                       0.692900                       
0.031400                       0.807700                       0.867200                       0.445700                       0.020200                       0.047900                       

TABLE: Salarii
TVA                            Pret/metru                     Impozit                        ID                             Consum                         Tip                            Pret/bucata                    
------------------------------ ------------------------------ ------------------------------ ------------------------------ ------------------------------ ------------------------------ ------------------------------ 
0.137600                       0.522900                       0.018100                       0.353900                       0.209600                       0.909800                       0.760600                       
0.341400                       0.956000                       0.199500                       0.574100                       0.430500                       0.654300                       0.062200                       

TABLE: Bursieri
Regiune                        ID                             Tara_Origine                   Localitate                     Garantie                       Denumire                       
------------------------------ ------------------------------ ------------------------------ ------------------------------ ------------------------------ ------------------------------ 

TABLE: Echipamente
Garantie                       ID                             Prenume                        Nume                           Tara_Origine                   Regiune                        Denumire                       
------------------------------ ------------------------------ ------------------------------ ------------------------------ ------------------------------ ------------------------------ ------------------------------ 

TABLE: Angajati
Prenume                        Nume                           Strada                         Garantie                       Importator                     Regiune                        ID                             Tara_Origine                   
------------------------------ ------------------------------ ------------------------------ ------------------------------ ------------------------------ ------------------------------ ------------------------------ ------------------------------ 
impolite                       Stephen                        recondite                      wrist                          Thompson                       damaging                       aunt                           Turner                         

TABLE: Studente
Rating                         Marcaje                        ID                             Societati_Comerciale           Nr_Defecte                     Rezervate                      Disponibile                    
------------------------------ ------------------------------ ------------------------------ ------------------------------ ------------------------------ ------------------------------ ------------------------------ 
354652                         365207                         102840                         649640                         217684                         449442                         539084                         

TABLE: Racoritoare
Olimpici                       Rezervate                      Cantitate                      Disponibile                    Restantieri                    ID                             Marcaje                        Rating                         
------------------------------ ------------------------------ ------------------------------ ------------------------------ ------------------------------ ------------------------------ ------------------------------ ------------------------------ 
314485                         207175                         115610                         522227                         261197                         589695                         431776                         299033                         

TABLE: Studenti
Importator                     Denumire                       Nume                           ID                             Strada                         Localitate                     Prenume                        Tara_Origine                   
------------------------------ ------------------------------ ------------------------------ ------------------------------ ------------------------------ ------------------------------ ------------------------------ ------------------------------ 

TABLE: Uber
TVA                            Pret/metru                     Impozit                        Discount                       Salariu_baza                   Consum                         Pret/bucata                    
------------------------------ ------------------------------ ------------------------------ ------------------------------ ------------------------------ ------------------------------ ------------------------------ 

Table "Angajati" not found in database.
Table "Angajati" not found in database.
Table "Angajati" not found in database.
TABLE: Uber
TVA                            Pret/metru                     Impozit                        Discount                       Salariu_baza                   Consum                         Pret/bucata                    
------------------------------ ------------------------------ ------------------------------ ------------------------------ ------------------------------ ------------------------------ ------------------------------ 

Table "Asistenti" not found in database.
Table "Balast" not found in database.
TABLE: Studenti
Importator                     Denumire                       Nume                           ID                             Strada                         Localitate                     Prenume                        Tara_Origine                   
------------------------------ ------------------------------ ------------------------------ ------------------------------ ------------------------------ ------------------------------ ------------------------------ ------------------------------ 

DATABASE: restaurant

TABLE: Camioane
TVA                            Total                          Pret/bucata                    Salariu_baza                   Tip                            Pret/metru                     
------------------------------ ------------------------------ ------------------------------ ------------------------------ ------------------------------ ------------------------------ 
0.099400                       0.918200                       0.999300                       0.189700                       0.995100                       0.621500                       
0.198200                       0.337800                       0.442700                       0.640900                       0.587500                       0.183000                       
0.312300                       0.772200                       0.856400                       0.076600                       0.615400                       0.728900                       
0.373500                       0.668900                       0.713100                       0.494200                       0.153800                       0.692900                       
0.031400                       0.807700                       0.867200                       0.445700                       0.020200                       0.047900                       
0.848600                       0.555900                       0.343500                       0.393300                       0.337100                       0.723100                       

TABLE: Salarii
TVA                            Pret/metru                     Impozit                        ID                             Consum                         Tip                            Pret/bucata                    
------------------------------ ------------------------------ ------------------------------ ------------------------------ ------------------------------ ------------------------------ ------------------------------ 
0.137600                       0.522900                       0.018100                       0.353900                       0.209600                       0.909800                       0.760600                       
0.341400                       0.956000                       0.199500                       0.574100                       0.430500                       0.654300                       0.062200                       

TABLE: Bursieri
Regiune                        ID                             Tara_Origine                   Localitate                     Garantie                       Denumire                       
------------------------------ ------------------------------ ------------------------------ ------------------------------ ------------------------------ ------------------------------ 

TABLE: Echipamente
Garantie                       ID                             Prenume                        Nume                           Tara_Origine                   Regiune                        Denumire                       
------------------------------ ------------------------------ ------------------------------ ------------------------------ ------------------------------ ------------------------------ ------------------------------ 

TABLE: Studente
Rating                         Marcaje                        ID                             Societati_Comerciale           Nr_Defecte                     Rezervate                      Disponibile                    
------------------------------ ------------------------------ ------------------------------ ------------------------------ ------------------------------ ------------------------------ ------------------------------ 
354652                         365207                         102840                         649640                         217684                         449442                         539084                         
510727                         57314                          585895                         398331                         121323                         175839                         377783                         

TABLE: Racoritoare
Olimpici                       Rezervate                      Cantitate                      Disponibile                    Restantieri                    ID                             Marcaje                        Rating                         
------------------------------ ------------------------------ ------------------------------ ------------------------------ ------------------------------ ------------------------------ ------------------------------ ------------------------------ 
314485                         207175                         115610                         522227                         261197                         589695                         431776                         299033                         

TABLE: Studenti
Importator                     Denumire                       Nume                           ID                             Strada                         Localitate                     Prenume                        Tara_Origine                   
------------------------------ ------------------------------ ------------------------------ ------------------------------ ------------------------------ ------------------------------ ------------------------------ ------------------------------ 

TABLE: Uber
TVA                            Pret/metru                     Impozit                        Discount                       Salariu_baza                   Consum                         Pret/bucata                    
------------------------------ ------------------------------ ------------------------------ ------------------------------ ------------------------------ ------------------------------ ------------------------------ 

TABLE: Fainoase
Rating                         ID                             Rezervate                      Nr_Defecte                     Disponibile                    Restantieri                    Cantitate                      Marcaje                        
------------------------------ ------------------------------ ------------------------------ ------------------------------ ------------------------------ ------------------------------ ------------------------------ ------------------------------ 

DATABASE: restaurant

TABLE: Camioane
TVA                            Total                          Pret/bucata                    Salariu_baza                   Tip                            Pret/metru                     
------------------------------ ------------------------------ ------------------------------ ------------------------------ ------------------------------ ------------------------------ 
0.099400                       0.918200                       0.999300                       0.189700                       0.995100                       0.621500                       
0.198200                       0.337800                       0.442700                       0.640900                       0.587500                       0.183000                       
0.312300                       0.772200                       0.856400                       0.076600                       0.615400                       0.728900                       
0.373500                       0.668900                       0.713100                       0.494200                       0.153800                       0.692900                       
0.031400                       0.807700                       0.867200                       0.445700                       0.020200                       0.047900                       
0.848600                       0.555900                       0.343500                       0.393300                       0.337100                       0.723100                       

TABLE: Salarii
TVA                            Pret/metru                     Impozit                        ID                             Consum                         Tip                            Pret/bucata                    
------------------------------ ------------------------------ ------------------------------ ------------------------------ ------------------------------ ------------------------------ ------------------------------ 
0.137600                       0.522900                       0.018100                       0.353900                       0.209600                       0.909800                       0.760600                       
0.341400                       0.956000                       0.199500                       0.574100                       0.430500                       0.654300                       0.062200                       

TABLE: Bursieri
Regiune                        ID                             Tara_Origine                   Localitate                     Garantie                       Denumire                       
------------------------------ ------------------------------ ------------------------------ ------------------------------ ------------------------------ ------------------------------ 

TABLE: Echipamente
Garantie                       ID                             Prenume                        Nume                           Tara_Origine                   Regiune                        Denumire                       
------------------------------ ------------------------------ ------------------------------ ------------------------------ ------------------------------ ------------------------------ ------------------------------ 

TABLE: Studente
Rating                         Marcaje                        ID                             Societati_Comerciale           Nr_Defecte                     Rezervate                      Disponibile                    
------------------------------ ------------------------------ ------------------------------ ------------------------------ ------------------------------ ------------------------------ ------------------------------ 
354652                         365207                         102840                         649640                         217684                         449442                         539084                         
510727                         57314                          585895                         398331                         121323                         175839                         377783                         

TABLE: Racoritoare
Olimpici                       Rezervate                      Cantitate                      Disponibile                    Restantieri                    ID                             Marcaje                        Rating                         
------------------------------ ------------------------------ ------------------------------ ------------------------------ ------------------------------ ------------------------------ ------------------------------ ------------------------------ 
314485                         207175                         115610                         522227                         261197                         589695                         431776                         299033                         

TABLE: Studenti
Importator                     Denumire                       Nume                           ID                             Strada                         Localitate                     Prenume                        Tara_Origine                   
------------------------------ ------------------------------ ------------------------------ ------------------------------ ------------------------------ ------------------------------ ------------------------------ ------------------------------ 

TABLE: Uber
TVA                            Pret/metru                     Impozit                        Discount                       Salariu_baza                   Consum                         Pret/bucata                    
------------------------------ ------------------------------ ------------------------------ ------------------------------ ------------------------------ ------------------------------ ------------------------------ 

TABLE: Fainoase
Rating                         ID                             Rezervate                      Nr_Defecte                     Disponibile                    Restantieri                    Cantitate                      Marcaje                        
------------------------------ ------------------------------ ------------------------------ ------------------------------ ------------------------------ ------------------------------ ------------------------------ ------------------------------ 

TABLE: Bursieri
Regiune                        ID                             Tara_Origine                   Localitate                     Garantie                       Denumire                       
------------------------------ ------------------------------ ------------------------------ ------------------------------ ------------------------------ ------------------------------ 

Table "Obiecte" not found in database.
Table "Angajati" not found in database.
Table "Economie" not found in database.
Table "Asistenti" not found in database.
DATABASE: restaurant

TABLE: Camioane
TVA                            Total                          Pret/bucata                    Salariu_baza                   Tip                            Pret/metru                     
------------------------------ ------------------------------ ------------------------------ ------------------------------ ------------------------------ ------------------------------ 
0.099400                       0.918200                       0.999300                       0.189700                       0.995100                       0.621500                       
0.198200                       0.337800                       0.442700                       0.640900                       0.587500                       0.183000                       
0.312300                       0.772200                       0.856400                       0.076600                       0.615400                       0.728900                       
0.373500                       0.668900                       0.713100                       0.494200                       0.153800                       0.692900                       
0.031400                       0.807700                       0.867200                       0.445700                       0.020200                       0.047900                       
0.848600                       0.555900                       0.343500                       0.393300                       0.337100                       0.723100                       

TABLE: Salarii
TVA                            Pret/metru                     Impozit                        ID                             Consum                         Tip                            Pret/bucata                    
------------------------------ ------------------------------ ------------------------------ ------------------------------ ------------------------------ ------------------------------ ------------------------------ 
0.137600                       0.522900                       0.018100                       0.353900                       0.209600                       0.909800                       0.760600                       
0.341400                       0.956000                       0.199500                       0.574100                       0.430500                       0.654300                       0.062200                       

TABLE: Bursieri
Regiune                        ID                             Tara_Origine                   Localitate                     Garantie                       Denumire                       
------------------------------ ------------------------------ ------------------------------ ------------------------------ ------------------------------ ------------------------------ 

TABLE: Echipamente
Garantie                       ID                             Prenume                        Nume                           Tara_Origine                   Regiune                        Denumire                       
------------------------------ ------------------------------ ------------------------------ ------------------------------ ------------------------------ ------------------------------ ------------------------------ 

TABLE: Studente
Rating                         Marcaje                        ID                             Societati_Comerciale           Nr_Defecte                     Rezervate                      Disponibile                    
------------------------------ ------------------------------ ------------------------------ ------------------------------ ------------------------------ ------------------------------ ------------------------------ 
354652                         365207                         102840                         649640                         217684                         449442                         539084                         
510727                         57314                          585895                         398331                         121323                         175839                         377783                         
545309                         450945                         120698                         52794                          353358                         532424                         23596                          

TABLE: Racoritoare
Olimpici                       Rezervate                      Cantitate                      Disponibile                    Restantieri                    ID                             Marcaje                        Rating                         
------------------------------ ------------------------------ ------------------------------ ------------------------------ ------------------------------ ------------------------------ ------------------------------ ------------------------------ 
314485                         207175                         115610                         522227                         261197                         589695                         431776                         299033                         

TABLE: Studenti
Importator                     Denumire                       Nume                           ID                             Strada                         Localitate                     Prenume                        Tara_Origine                   
------------------------------ ------------------------------ ------------------------------ ------------------------------ ------------------------------ ------------------------------ ------------------------------ ------------------------------ 

TABLE: Uber
TVA                            Pret/metru                     Impozit                        Discount                       Salariu_baza                   Consum                         Pret/bucata                    
------------------------------ ------------------------------ ------------------------------ ------------------------------ ------------------------------ ------------------------------ ------------------------------ 
0.793700                       0.615300                       0.570600                       0.086200                       0.453500                       0.535300                       0.223000                       

TABLE: Fainoase
Rating                         ID                             Rezervate                      Nr_Defecte                     Disponibile                    Restantieri                    Cantitate                      Marcaje                        
------------------------------ ------------------------------ ------------------------------ ------------------------------ ------------------------------ ------------------------------ ------------------------------ ------------------------------ 

Table "Angajati" not found in database.
Table "Asistenti" not found in database.
Table "Mirodenii" not found in database.
Table "Mirodenii" not found in database.
DATABASE: restaurant

TABLE: Camioane
TVA                            Total                          Pret/bucata                    Salariu_baza                   Tip                            Pret/metru                     
------------------------------ ------------------------------ ------------------------------ ------------------------------ ------------------------------ ------------------------------ 
0.099400                       0.918200                       0.999300                       0.189700                       0.995100                       0.621500                       
0.198200                       0.337800                       0.442700                       0.640900                       0.587500                       0.183000                       
0.312300                       0.772200                       0.856400                       0.076600                       0.615400                       0.728900                       
0.373500                       0.668900                       0.713100                       0.494200                       0.153800                       0.692900                       
0.031400                       0.807700                       0.867200                       0.445700                       0.020200                       0.047900                       
0.848600                       0.555900                       0.343500                       0.393300                       0.337100                       0.723100                       

TABLE: Salarii
TVA                            Pret/metru                     Impozit                        ID                             Consum                         Tip                            Pret/bucata                    
------------------------------ ------------------------------ ------------------------------ ------------------------------ ------------------------------ ------------------------------ ------------------------------ 
0.137600                       0.522900                       0.018100                       0.353900                       0.209600                       0.909800                       0.760600                       
0.341400                       0.956000                       0.199500                       0.574100                       0.430500                       0.654300                       0.062200                       

TABLE: Bursieri
Regiune                        ID                             Tara_Origine                   Localitate                     Garantie                       Denumire                       
------------------------------ ------------------------------ ------------------------------ ------------------------------ ------------------------------ ------------------------------ 
Jenkins                        continue                       Carter                         Lois                           Diane                          Collins                        

TABLE: Echipamente
Garantie                       ID                             Prenume                        Nume                           Tara_Origine                   Regiune                        Denumire                       
------------------------------ ------------------------------ ------------------------------ ------------------------------ ------------------------------ ------------------------------ ------------------------------ 
Parker                         refuse                         Kimberly                       Torres                         Richardson                     street                         Gregory                        

TABLE: Studente
Rating                         Marcaje                        ID                             Societati_Comerciale           Nr_Defecte                     Rezervate                      Disponibile                    
------------------------------ ------------------------------ ------------------------------ ------------------------------ ------------------------------ ------------------------------ ------------------------------ 
354652                         365207                         102840                         649640                         217684                         449442                         539084                         
510727                         57314                          585895                         398331                         121323                         175839                         377783                         
545309                         450945                         120698                         52794                          353358                         532424                         23596                          

TABLE: Racoritoare
Olimpici                       Rezervate                      Cantitate                      Disponibile                    Restantieri                    ID                             Marcaje                        Rating                         
------------------------------ ------------------------------ ------------------------------ ------------------------------ ------------------------------ ------------------------------ ------------------------------ ------------------------------ 
314485                         207175                         115610                         522227                         261197                         589695                         431776                         299033                         

TABLE: Studenti
Importator                     Denumire                       Nume                           ID                             Strada                         Localitate                     Prenume                        Tara_Origine                   
------------------------------ ------------------------------ ------------------------------ ------------------------------ ------------------------------ ------------------------------ ------------------------------ ------------------------------ 
workable                       Evelyn                         Russell                        Howard                         Stewart                        profuse                        guarded                        nondescript                    

TABLE: Uber
TVA                            Pret/metru                     Impozit                        Discount                       Salariu_baza                   Consum                         Pret/bucata                    
------------------------------ ------------------------------ ------------------------------ ------------------------------ ------------------------------ ------------------------------ ------------------------------ 
0.793700                       0.615300                       0.570600                       0.086200                       0.453500                       0.535300                       0.223000                       

TABLE: Fainoase
Rating                         ID                             Rezervate                      Nr_Defecte                     Disponibile                    Restantieri                    Cantitate                      Marcaje                        
------------------------------ ------------------------------ ------------------------------ ------------------------------ ------------------------------ ------------------------------ ------------------------------ ------------------------------ 
520774                         110117                         505960                         92662                          389859                         363906                         298685                         14566                          

TABLE: Profesori
Garantie                       Regiune                        Localitate                     Nume                           Strada                         Prenume                        Denumire                       ID                             
------------------------------ ------------------------------ ------------------------------ ------------------------------ ------------------------------ ------------------------------ ------------------------------ ------------------------------ 

TABLE: Bujii
Societati_Comerciale           Olimpici                       Restantieri                    Disponibile                    ID                             Marcaje                        Rezervate                      Cantitate                      
------------------------------ ------------------------------ ------------------------------ ------------------------------ ------------------------------ ------------------------------ ------------------------------ ------------------------------ 

TABLE: Ambientale
Restantieri                    ID                             Olimpici                       Rezervate                      Societati_Comerciale           Disponibile                    
------------------------------ ------------------------------ ------------------------------ ------------------------------ ------------------------------ ------------------------------ 

Table "Angajati" not found in database.
Table "Obiecte" not found in database.
TABLE: Camioane
TVA                            Total                          Pret/bucata                    Salariu_baza                   Tip                            Pret/metru                     
------------------------------ ------------------------------ ------------------------------ ------------------------------ ------------------------------ ------------------------------ 
0.099400                       0.918200                       0.999300                       0.189700                       0.995100                       0.621500                       
0.198200                       0.337800                       0.442700                       0.640900                       0.587500                       0.183000                       
0.312300                       0.772200                       0.856400                       0.076600                       0.615400                       0.728900                       
0.373500                       0.668900                       0.713100                       0.494200                       0.153800                       0.692900                       
0.031400                       0.807700                       0.867200                       0.445700                       0.020200                       0.047900                       
0.848600                       0.555900                       0.343500                       0.393300                       0.337100                       0.723100                       

DATABASE: restaurant

TABLE: Camioane
TVA                            Total                          Pret/bucata                    Salariu_baza                   Tip                            Pret/metru                     
------------------------------ ------------------------------ ------------------------------ ------------------------------ ------------------------------ ------------------------------ 
0.099400                       0.918200                       0.999300                       0.189700                       0.995100                       0.621500                       
0.198200                       0.337800                       0.442700                       0.640900                       0.587500                       0.183000                       
0.312300                       0.772200                       0.856400                       0.076600                       0.615400                       0.728900                       
0.373500                       0.668900                       0.713100                       0.494200                       0.153800                       0.692900                       
0.031400                       0.807700                       0.867200                       0.445700                       0.020200                       0.047900                       
0.848600                       0.555900                       0.343500                       0.393300                       0.337100                       0.723100                       

TABLE: Salarii
TVA                            Pret/metru                     Impozit                        ID                             Consum                         Tip                            Pret/bucata                    
------------------------------ ------------------------------ ------------------------------ ------------------------------ ------------------------------ ------------------------------ ------------------------------ 
0.137600                       0.522900                       0.018100                       0.353900                       0.209600                       0.909800                       0.760600                       
0.341400                       0.956000                       0.199500                       0.574100                       0.430500                       0.654300                       0.062200                       

TABLE: Bursieri
Regiune                        ID                             Tara_Origine                   Localitate                     Garantie                       Denumire                       
------------------------------ ------------------------------ ------------------------------ ------------------------------ ------------------------------ ------------------------------ 
Jenkins                        continue                       Carter                         Lois                           Diane                          Collins                        

TABLE: Echipamente
Garantie                       ID                             Prenume                        Nume                           Tara_Origine                   Regiune                        Denumire                       
------------------------------ ------------------------------ ------------------------------ ------------------------------ ------------------------------ ------------------------------ ------------------------------ 
Parker                         refuse                         Kimberly                       Torres                         Richardson                     street                         Gregory                        
brush                          Randy                          thoughtful                     Martinez                       Ward                           Henry                          Cook                           

TABLE: Studente
Rating                         Marcaje                        ID                             Societati_Comerciale           Nr_Defecte                     Rezervate                      Disponibile                    
------------------------------ ------------------------------ ------------------------------ ------------------------------ ------------------------------ ------------------------------ ------------------------------ 
354652                         365207                         102840                         649640                         217684                         449442                         539084                         
510727                         57314                          585895                         398331                         121323                         175839                         377783                         
545309                         450945                         120698                         52794                          353358                         532424                         23596                          

TABLE: Racoritoare
Olimpici                       Rezervate                      Cantitate                      Disponibile                    Restantieri                    ID                             Marcaje                        Rating                         
------------------------------ ------------------------------ ------------------------------ ------------------------------ ------------------------------ ------------------------------ ------------------------------ ------------------------------ 
314485                         207175                         115610                         522227                         261197                         589695                         431776                         299033                         

TABLE: Studenti
Importator                     Denumire                       Nume                           ID                             Strada                         Localitate                     Prenume                        Tara_Origine                   
------------------------------ ------------------------------ ------------------------------ ------------------------------ ------------------------------ ------------------------------ ------------------------------ ------------------------------ 
workable                       Evelyn                         Russell                        Howard                         Stewart                        profuse                        guarded                        nondescript                    

TABLE: Uber
TVA                            Pret/metru                     Impozit                        Discount                       Salariu_baza                   Consum                         Pret/bucata                    
------------------------------ ------------------------------ ------------------------------ ------------------------------ ------------------------------ ------------------------------ ------------------------------ 
0.793700                       0.615300                       0.570600                       0.086200                       0.453500                       0.535300                       0.223000                       

TABLE: Fainoase
Rating                         ID                             Rezervate                      Nr_Defecte                     Disponibile                    Restantieri                    Cantitate                      Marcaje                        
------------------------------ ------------------------------ ------------------------------ ------------------------------ ------------------------------ ------------------------------ ------------------------------ ------------------------------ 
520774                         110117                         505960                         92662                          389859                         363906                         298685                         14566                          

TABLE: Profesori
Garantie                       Regiune                        Localitate                     Nume                           Strada                         Prenume                        Denumire                       ID                             
------------------------------ ------------------------------ ------------------------------ ------------------------------ ------------------------------ ------------------------------ ------------------------------ ------------------------------ 

TABLE: Bujii
Societati_Comerciale           Olimpici                       Restantieri                    Disponibile                    ID                             Marcaje                        Rezervate                      Cantitate                      
------------------------------ ------------------------------ ------------------------------ ------------------------------ ------------------------------ ------------------------------ ------------------------------ ------------------------------ 

TABLE: Ambientale
Restantieri                    ID                             Olimpici                       Rezervate                      Societati_Comerciale           Disponibile                    
------------------------------ ------------------------------ ------------------------------ ------------------------------ ------------------------------ ------------------------------ 

TABLE: Bere
Total                          Discount                       Consum                         Salariu_baza                   Impozit                        Tip                            
------------------------------ ------------------------------ ------------------------------ ------------------------------ ------------------------------ ------------------------------ 

TABLE: Tropicale
Nr_Defecte                     Disponibile                    Cantitate                      Olimpici                       Rating                         Restantieri                    
------------------------------ ------------------------------ ------------------------------ ------------------------------ ------------------------------ ------------------------------ 

Table "Instalatii" not found in database.
Table "Utilaje" not found in database.
Table "Echipari" not found in database.
