TABLE: Uber
ID                             Consum                         Salariu_baza                   
------------------------------ ------------------------------ ------------------------------ 

Table "Bere" does not contain column "Discount".
DATABASE: ferma_animale

TABLE: Uber
ID                             Consum                         Salariu_baza                   
------------------------------ ------------------------------ ------------------------------ 

