TABLE: Camioane
Pret/metru                     Tip                            ID                             TVA                            Total                          
------------------------------ ------------------------------ ------------------------------ ------------------------------ ------------------------------ 

DATABASE: depozit_auchan

TABLE: Uber
Consum                         Salariu_baza                   
------------------------------ ------------------------------ 
0.853500                       0.279800                       

TABLE: Camioane
Pret/metru                     Tip                            ID                             TVA                            Total                          
------------------------------ ------------------------------ ------------------------------ ------------------------------ ------------------------------ 
0.382800                       0.921200                       0.682000                       0.332500                       0.714500                       

Table "Balast" not found in database.
DATABASE: depozit_auchan

TABLE: Uber
Consum                         Salariu_baza                   
------------------------------ ------------------------------ 
0.853500                       0.279800                       

TABLE: Camioane
Pret/metru                     Tip                            ID                             TVA                            Total                          
------------------------------ ------------------------------ ------------------------------ ------------------------------ ------------------------------ 
0.382800                       0.921200                       0.682000                       0.332500                       0.714500                       
0.023200                       0.430000                       0.927700                       0.175300                       0.608400                       

Table "Uber" not found in database.
DATABASE: depozit_auchan

TABLE: Camioane
Pret/metru                     Tip                            ID                             TVA                            Total                          
------------------------------ ------------------------------ ------------------------------ ------------------------------ ------------------------------ 
0.382800                       0.921200                       0.682000                       0.332500                       0.714500                       
0.023200                       0.430000                       0.927700                       0.175300                       0.608400                       

Table "Echipari" not found in database.
Table "Economie" not found in database.
