DATABASE: florarie

TABLE: Electronice
Olimpici                       
------------------------------ 

TABLE: Instalatii
ID                             Total                          Pret/bucata                    
------------------------------ ------------------------------ ------------------------------ 
0.256900                       0.454000                       0.207600                       

DATABASE: florarie

TABLE: Electronice
Olimpici                       
------------------------------ 

TABLE: Instalatii
ID                             Total                          Pret/bucata                    
------------------------------ ------------------------------ ------------------------------ 
0.256900                       0.454000                       0.207600                       

